Archive member included to satisfy reference by file (symbol)

app/libapp.a(main.c.obj)      (--whole-archive)
zephyr/libzephyr.a(cbprintf.c.obj)
                              (--whole-archive)
zephyr/libzephyr.a(cbprintf_packaged.c.obj)
                              (--whole-archive)
zephyr/libzephyr.a(crc32c_sw.c.obj)
                              (--whole-archive)
zephyr/libzephyr.a(crc32_sw.c.obj)
                              (--whole-archive)
zephyr/libzephyr.a(crc16_sw.c.obj)
                              (--whole-archive)
zephyr/libzephyr.a(crc8_sw.c.obj)
                              (--whole-archive)
zephyr/libzephyr.a(crc7_sw.c.obj)
                              (--whole-archive)
zephyr/libzephyr.a(dec.c.obj)
                              (--whole-archive)
zephyr/libzephyr.a(fdtable.c.obj)
                              (--whole-archive)
zephyr/libzephyr.a(hex.c.obj)
                              (--whole-archive)
zephyr/libzephyr.a(notify.c.obj)
                              (--whole-archive)
zephyr/libzephyr.a(printk.c.obj)
                              (--whole-archive)
zephyr/libzephyr.a(onoff.c.obj)
                              (--whole-archive)
zephyr/libzephyr.a(rb.c.obj)  (--whole-archive)
zephyr/libzephyr.a(sem.c.obj)
                              (--whole-archive)
zephyr/libzephyr.a(thread_entry.c.obj)
                              (--whole-archive)
zephyr/libzephyr.a(timeutil.c.obj)
                              (--whole-archive)
zephyr/libzephyr.a(heap.c.obj)
                              (--whole-archive)
zephyr/libzephyr.a(heap-validate.c.obj)
                              (--whole-archive)
zephyr/libzephyr.a(bitarray.c.obj)
                              (--whole-archive)
zephyr/libzephyr.a(cbprintf_complete.c.obj)
                              (--whole-archive)
zephyr/libzephyr.a(configs.c.obj)
                              (--whole-archive)
zephyr/libzephyr.a(validate_base_addresses.c.obj)
                              (--whole-archive)
zephyr/libzephyr.a(validate_enabled_instances.c.obj)
                              (--whole-archive)
zephyr/libzephyr.a(power.c.obj)
                              (--whole-archive)
zephyr/libzephyr.a(pm_ctrl.c.obj)
                              (--whole-archive)
zephyr/libzephyr.a(policy_residency.c.obj)
                              (--whole-archive)
zephyr/libzephyr.a(tracing_none.c.obj)
                              (--whole-archive)
zephyr/libzephyr.a(uart_console.c.obj)
                              (--whole-archive)
zephyr/libzephyr.a(clock_control_nrf.c.obj)
                              (--whole-archive)
zephyr/libzephyr.a(sys_clock_init.c.obj)
                              (--whole-archive)
zephyr/libzephyr.a(nrf_rtc_timer.c.obj)
                              (--whole-archive)
zephyr/arch/common/libarch__common.a(sw_isr_common.c.obj)
                              (--whole-archive)
zephyr/arch/arch/arm/core/aarch32/libarch__arm__core__aarch32.a(swap.c.obj)
                              (--whole-archive)
zephyr/arch/arch/arm/core/aarch32/libarch__arm__core__aarch32.a(swap_helper.S.obj)
                              (--whole-archive)
zephyr/arch/arch/arm/core/aarch32/libarch__arm__core__aarch32.a(irq_manage.c.obj)
                              (--whole-archive)
zephyr/arch/arch/arm/core/aarch32/libarch__arm__core__aarch32.a(thread.c.obj)
                              (--whole-archive)
zephyr/arch/arch/arm/core/aarch32/libarch__arm__core__aarch32.a(cpu_idle.S.obj)
                              (--whole-archive)
zephyr/arch/arch/arm/core/aarch32/libarch__arm__core__aarch32.a(fatal.c.obj)
                              (--whole-archive)
zephyr/arch/arch/arm/core/aarch32/libarch__arm__core__aarch32.a(nmi.c.obj)
                              (--whole-archive)
zephyr/arch/arch/arm/core/aarch32/libarch__arm__core__aarch32.a(nmi_on_reset.S.obj)
                              (--whole-archive)
zephyr/arch/arch/arm/core/aarch32/libarch__arm__core__aarch32.a(prep_c.c.obj)
                              (--whole-archive)
zephyr/arch/arch/arm/core/aarch32/libarch__arm__core__aarch32.a(isr_wrapper.S.obj)
                              (--whole-archive)
zephyr/arch/arch/arm/core/aarch32/cortex_m/libarch__arm__core__aarch32__cortex_m.a(vector_table.S.obj)
                              (--whole-archive)
zephyr/arch/arch/arm/core/aarch32/cortex_m/libarch__arm__core__aarch32__cortex_m.a(reset.S.obj)
                              (--whole-archive)
zephyr/arch/arch/arm/core/aarch32/cortex_m/libarch__arm__core__aarch32__cortex_m.a(fault_s.S.obj)
                              (--whole-archive)
zephyr/arch/arch/arm/core/aarch32/cortex_m/libarch__arm__core__aarch32__cortex_m.a(fault.c.obj)
                              (--whole-archive)
zephyr/arch/arch/arm/core/aarch32/cortex_m/libarch__arm__core__aarch32__cortex_m.a(exc_exit.S.obj)
                              (--whole-archive)
[...]
Memory Configuration

Name             Origin             Length             Attributes
FLASH            0x0000000000000000 0x0000000000100000 xr
SRAM             0x0000000020000000 0x0000000000040000 xw
IDT_LIST         0x0000000020040000 0x0000000000000800 xw
*default*        0x0000000000000000 0xffffffffffffffff

Linker script and memory map

LOAD zephyr/CMakeFiles/zephyr_prebuilt.dir/misc/empty_file.c.obj
                0x0000000000000020                _region_min_align = 0x20

.rel.plt        0x0000000000000000        0x0
 *(SORT_BY_ALIGNMENT(.rel.plt))
                [!provide]                        PROVIDE (__rel_iplt_start = .)
 *(SORT_BY_ALIGNMENT(.rel.iplt))
 .rel.iplt      0x0000000000000000        0x0 app/libapp.a(main.c.obj)
                [!provide]                        PROVIDE (__rel_iplt_end = .)

.rela.plt       0x0000000000000000        0x0
 *(SORT_BY_ALIGNMENT(.rela.plt))
                [!provide]                        PROVIDE (__rela_iplt_start = .)
 *(SORT_BY_ALIGNMENT(.rela.iplt))
                [!provide]                        PROVIDE (__rela_iplt_end = .)

.rel.dyn
 *(SORT_BY_ALIGNMENT(.rel.*))

.rela.dyn
 *(SORT_BY_ALIGNMENT(.rela.*))

/DISCARD/
 *(SORT_BY_ALIGNMENT(.plt))
 *(SORT_BY_ALIGNMENT(.iplt))
 *(SORT_BY_ALIGNMENT(.got.plt))
 *(SORT_BY_ALIGNMENT(.igot.plt))
 *(SORT_BY_ALIGNMENT(.got))
 *(SORT_BY_ALIGNMENT(.igot))
 *(SORT_BY_ALIGNMENT(.note.GNU-stack))
                0x0000000000000000                _image_rom_start = 0x0

rom_start       0x0000000000000000      0x100
                0x0000000000000000                . = 0x0
                0x0000000000000000                . = ALIGN (0x4)
                0x0000000000000000                . = ALIGN (0x80)
                0x0000000000000000                . = ALIGN (0x100)
                0x0000000000000000                _vector_start = .
 *(SORT_BY_ALIGNMENT(.exc_vector_table))
 *(SORT_BY_ALIGNMENT(.exc_vector_table.*))
 .exc_vector_table._vector_table_section
                0x0000000000000000       0x40 zephyr/arch/arch/arm/core/aarch32/cortex_m/libarch__arm__core__aarch32__cortex_m.a(vector_table.S.obj)
                0x0000000000000000                _vector_table
 *(SORT_BY_ALIGNMENT(.gnu.linkonce.irq_vector_table*))
 .gnu.linkonce.irq_vector_table
                0x0000000000000040       0xc0 zephyr/arch/common/libisr_tables.a(isr_tables.c.obj)
                0x0000000000000040                _irq_vector_table
 *(SORT_BY_ALIGNMENT(.vectors))
                0x0000000000000100                _vector_end = .

text            0x0000000000000100     0x45ba
                0x0000000000000100                _image_text_start = .
 *(SORT_BY_ALIGNMENT(.text))
 .text          0x0000000000000100       0x30 /home/steve/zephyr-sdk-0.12.3/arm-zephyr-eabi/bin/../lib/gcc/arm-zephyr-eabi/10.2.0/thumb/v7e-m/nofp/libgcc.a(_aeabi_uldivmod.o)
                0x0000000000000100                __aeabi_uldivmod
 .text          0x0000000000000130      0x2d8 /home/steve/zephyr-sdk-0.12.3/arm-zephyr-eabi/bin/../lib/gcc/arm-zephyr-eabi/10.2.0/thumb/v7e-m/nofp/libgcc.a(_udivmoddi4.o)
                0x0000000000000130                __udivmoddi4
 .text          0x0000000000000408        0x4 /home/steve/zephyr-sdk-0.12.3/arm-zephyr-eabi/bin/../lib/gcc/arm-zephyr-eabi/10.2.0/thumb/v7e-m/nofp/libgcc.a(_dvmd_tls.o)
                0x0000000000000408                __aeabi_ldiv0
                0x0000000000000408                __aeabi_idiv0
 *(SORT_BY_ALIGNMENT(.text.*))
 .text.main     0x000000000000040c       0x10 app/libapp.a(main.c.obj)
                0x000000000000040c                main
 .text.char_out
                0x000000000000041c       0x10 zephyr/libzephyr.a(printk.c.obj)
 .text.__printk_hook_install
                0x000000000000042c        0xc zephyr/libzephyr.a(printk.c.obj)
                0x000000000000042c                __printk_hook_install
 .text.vprintk  0x0000000000000438       0x1c zephyr/libzephyr.a(printk.c.obj)
                0x0000000000000438                vprintk
 .text.process_event
                0x0000000000000454      0x1c0 zephyr/libzephyr.a(onoff.c.obj)
 .text.cbvprintf
                0x0000000000000614      0x780 zephyr/libzephyr.a(cbprintf_complete.c.obj)
                0x0000000000000614                cbvprintf
 .text.pm_state_notify
                0x0000000000000d94       0x44 zephyr/libzephyr.a(power.c.obj)
 .text.pm_system_resume
                0x0000000000000dd8       0x2c zephyr/libzephyr.a(power.c.obj)
                0x0000000000000dd8                pm_system_resume
 .text.pm_system_suspend
                0x0000000000000e04       0x78 zephyr/libzephyr.a(power.c.obj)
                0x0000000000000e04                pm_system_suspend
 .text.uart_console_init
                0x0000000000000e7c       0x2c zephyr/libzephyr.a(uart_console.c.obj)
 .text.console_out
                0x0000000000000ea8       0x28 zephyr/libzephyr.a(uart_console.c.obj)
 .text.onoff_stop
                0x0000000000000ed0       0x30 zephyr/libzephyr.a(clock_control_nrf.c.obj)
 .text.onoff_start
                0x0000000000000f00       0x44 zephyr/libzephyr.a(clock_control_nrf.c.obj)
 .text.clk_init
                0x0000000000000f44       0x60 zephyr/libzephyr.a(clock_control_nrf.c.obj)
 .text.clkstarted_handle.constprop.0
                0x0000000000000fa4       0x34 zephyr/libzephyr.a(clock_control_nrf.c.obj)
 .text.clock_event_handler
                0x0000000000000fd8       0x1c zephyr/libzephyr.a(clock_control_nrf.c.obj)
 .text.generic_hfclk_start
                0x0000000000000ff4       0x64 zephyr/libzephyr.a(clock_control_nrf.c.obj)
 .text.api_blocking_start
                0x0000000000001058       0x34 zephyr/libzephyr.a(clock_control_nrf.c.obj)
 .text.generic_hfclk_stop
                0x000000000000108c       0x2c zephyr/libzephyr.a(clock_control_nrf.c.obj)
 .text.z_nrf_clock_control_lf_on
                0x00000000000010b8      0x100 zephyr/libzephyr.a(clock_control_nrf.c.obj)
                0x00000000000010b8                z_nrf_clock_control_lf_on
 .text.sys_clock_timeout_handler
                0x00000000000011b8       0x18 zephyr/libzephyr.a(nrf_rtc_timer.c.obj)
 .text.set_absolute_alarm
                0x00000000000011d0       0x94 zephyr/libzephyr.a(nrf_rtc_timer.c.obj)
 .text.rtc_nrf_isr
                0x0000000000001264       0x50 zephyr/libzephyr.a(nrf_rtc_timer.c.obj)
                0x0000000000001264                rtc_nrf_isr
 .text.sys_clock_driver_init
                0x00000000000012b4       0x4c zephyr/libzephyr.a(nrf_rtc_timer.c.obj)
                0x00000000000012b4                sys_clock_driver_init
 .text.sys_clock_set_timeout
                0x0000000000001300       0x64 zephyr/libzephyr.a(nrf_rtc_timer.c.obj)
                0x0000000000001300                sys_clock_set_timeout
 .text.sys_clock_elapsed
                0x0000000000001364       0x1c zephyr/libzephyr.a(nrf_rtc_timer.c.obj)
                0x0000000000001364                sys_clock_elapsed
 .text.arch_swap
                0x0000000000001380       0x34 zephyr/arch/arch/arm/core/aarch32/libarch__arm__core__aarch32.a(swap.c.obj)
                0x0000000000001380                arch_swap
 .text.z_arm_pendsv
                0x00000000000013b4       0x48 zephyr/arch/arch/arm/core/aarch32/libarch__arm__core__aarch32.a(swap_helper.S.obj)
                0x00000000000013b4                z_arm_pendsv
 .text.z_arm_svc
                0x00000000000013fc       0x20 zephyr/arch/arch/arm/core/aarch32/libarch__arm__core__aarch32.a(swap_helper.S.obj)
                0x00000000000013fc                z_arm_svc
 .text.arch_irq_enable
                0x000000000000141c       0x20 zephyr/arch/arch/arm/core/aarch32/libarch__arm__core__aarch32.a(irq_manage.c.obj)
                0x000000000000141c                arch_irq_enable
 .text.arch_irq_is_enabled
                0x000000000000143c       0x1c zephyr/arch/arch/arm/core/aarch32/libarch__arm__core__aarch32.a(irq_manage.c.obj)
                0x000000000000143c                arch_irq_is_enabled
 .text.z_arm_irq_priority_set
                0x0000000000001458       0x30 zephyr/arch/arch/arm/core/aarch32/libarch__arm__core__aarch32.a(irq_manage.c.obj)
                0x0000000000001458                z_arm_irq_priority_set
 .text.arch_new_thread
                0x0000000000001488       0x38 zephyr/arch/arch/arm/core/aarch32/libarch__arm__core__aarch32.a(thread.c.obj)
                0x0000000000001488                arch_new_thread
 .text.arch_switch_to_main_thread
                0x00000000000014c0       0x24 zephyr/arch/arch/arm/core/aarch32/libarch__arm__core__aarch32.a(thread.c.obj)
                0x00000000000014c0                arch_switch_to_main_thread
 .text.z_arm_cpu_idle_init
                0x00000000000014e4        0xc zephyr/arch/arch/arm/core/aarch32/libarch__arm__core__aarch32.a(cpu_idle.S.obj)
                0x00000000000014e4                z_arm_cpu_idle_init
 .text.arch_cpu_idle
                0x00000000000014f0       0x1c zephyr/arch/arch/arm/core/aarch32/libarch__arm__core__aarch32.a(cpu_idle.S.obj)
                0x00000000000014f0                arch_cpu_idle
 .text.arch_cpu_atomic_idle
                0x000000000000150c       0x14 zephyr/arch/arch/arm/core/aarch32/libarch__arm__core__aarch32.a(cpu_idle.S.obj)
                0x000000000000150c                arch_cpu_atomic_idle
 .text.z_SysNmiOnReset
                0x0000000000001520        0x8 zephyr/arch/arch/arm/core/aarch32/libarch__arm__core__aarch32.a(nmi_on_reset.S.obj)
                0x0000000000001520                z_SysNmiOnReset
 .text.z_arm_prep_c
                0x0000000000001528       0x44 zephyr/arch/arch/arm/core/aarch32/libarch__arm__core__aarch32.a(prep_c.c.obj)
                0x0000000000001528                z_arm_prep_c
 .text._isr_wrapper
                0x000000000000156c       0x40 zephyr/arch/arch/arm/core/aarch32/libarch__arm__core__aarch32.a(isr_wrapper.S.obj)
                0x000000000000156c                _isr_wrapper
 .text._reset_section
                0x00000000000015ac       0x30 zephyr/arch/arch/arm/core/aarch32/cortex_m/libarch__arm__core__aarch32__cortex_m.a(reset.S.obj)
                0x00000000000015ac                z_arm_reset
                0x00000000000015ac                __start
 .text.__fault  0x00000000000015dc       0x14 zephyr/arch/arch/arm/core/aarch32/cortex_m/libarch__arm__core__aarch32__cortex_m.a(fault_s.S.obj)
                0x00000000000015dc                z_arm_bus_fault
                0x00000000000015dc                z_arm_usage_fault
                0x00000000000015dc                z_arm_mpu_fault
                0x00000000000015dc                z_arm_exc_spurious
                0x00000000000015dc                z_arm_debug_monitor
                0x00000000000015dc                z_arm_hard_fault
 .text.bus_fault.constprop.0
                0x00000000000015f0       0x3c zephyr/arch/arch/arm/core/aarch32/cortex_m/libarch__arm__core__aarch32__cortex_m.a(fault.c.obj)
 .text.mem_manage_fault.constprop.0
                0x000000000000162c       0x40 zephyr/arch/arch/arm/core/aarch32/cortex_m/libarch__arm__core__aarch32__cortex_m.a(fault.c.obj)
 .text.z_arm_fault
                0x000000000000166c      0x10c zephyr/arch/arch/arm/core/aarch32/cortex_m/libarch__arm__core__aarch32__cortex_m.a(fault.c.obj)
                0x000000000000166c                z_arm_fault
 .text.z_arm_fault_init
                0x0000000000001778       0x10 zephyr/arch/arch/arm/core/aarch32/cortex_m/libarch__arm__core__aarch32__cortex_m.a(fault.c.obj)
                0x0000000000001778                z_arm_fault_init
 .text._HandlerModeExit
                0x0000000000001788       0x1c zephyr/arch/arch/arm/core/aarch32/cortex_m/libarch__arm__core__aarch32__cortex_m.a(exc_exit.S.obj)
                0x0000000000001788                z_arm_exc_exit
                0x0000000000001788                z_arm_int_exit
 .text.z_arm_interrupt_init
                0x00000000000017a4       0x18 zephyr/arch/arch/arm/core/aarch32/cortex_m/libarch__arm__core__aarch32__cortex_m.a(irq_init.c.obj)
                0x00000000000017a4                z_arm_interrupt_init
 .text.z_impl_k_thread_abort
                0x00000000000017bc       0x24 zephyr/arch/arch/arm/core/aarch32/cortex_m/libarch__arm__core__aarch32__cortex_m.a(thread_abort.c.obj)
                0x00000000000017bc                z_impl_k_thread_abort
 .text.z_arm_configure_static_mpu_regions
                0x00000000000017e0       0x18 zephyr/arch/arch/arm/core/aarch32/mpu/libarch__arm__core__aarch32__mpu.a(arm_core_mpu.c.obj)
                0x00000000000017e0                z_arm_configure_static_mpu_regions
 .text.mpu_configure_regions
                0x00000000000017f8       0x84 zephyr/arch/arch/arm/core/aarch32/mpu/libarch__arm__core__aarch32__mpu.a(arm_mpu.c.obj)
 .text.arm_core_mpu_enable
                0x000000000000187c       0x18 zephyr/arch/arch/arm/core/aarch32/mpu/libarch__arm__core__aarch32__mpu.a(arm_mpu.c.obj)
                0x000000000000187c                arm_core_mpu_enable
 .text.arm_core_mpu_disable
                0x0000000000001894       0x14 zephyr/arch/arch/arm/core/aarch32/mpu/libarch__arm__core__aarch32__mpu.a(arm_mpu.c.obj)
                0x0000000000001894                arm_core_mpu_disable
 .text.arm_core_mpu_configure_static_mpu_regions
                0x00000000000018a8       0x14 zephyr/arch/arch/arm/core/aarch32/mpu/libarch__arm__core__aarch32__mpu.a(arm_mpu.c.obj)
                0x00000000000018a8                arm_core_mpu_configure_static_mpu_regions
 .text.z_arm_mpu_init
                0x00000000000018bc       0x60 zephyr/arch/arch/arm/core/aarch32/mpu/libarch__arm__core__aarch32__mpu.a(arm_mpu.c.obj)
                0x00000000000018bc                z_arm_mpu_init
 .text.__stdout_hook_install
                0x000000000000191c        0xc zephyr/lib/libc/minimal/liblib__libc__minimal.a(stdout_console.c.obj)
                0x000000000000191c                __stdout_hook_install
 .text.nordicsemi_nrf52_init
                0x0000000000001928       0x30 zephyr/soc/arm/nordic_nrf/nrf52/libsoc__arm__nordic_nrf__nrf52.a(soc.c.obj)
 .text.arch_busy_wait
                0x0000000000001958       0x14 zephyr/soc/arm/nordic_nrf/nrf52/libsoc__arm__nordic_nrf__nrf52.a(soc.c.obj)
                0x0000000000001958                arch_busy_wait
 .text.board_reel_board_init
                0x000000000000196c       0x24 zephyr/boards/arm/reel_board/libboards__arm__reel_board.a(board.c.obj)
 .text.gpio_nrfx_init
                0x0000000000001990       0x30 zephyr/drivers/gpio/libdrivers__gpio.a(gpio_nrfx.c.obj)
 .text.gpio_nrfx_config
                0x00000000000019c0       0xc0 zephyr/drivers/gpio/libdrivers__gpio.a(gpio_nrfx.c.obj)
 .text.nrf_gpio_cfg_sense_set
                0x0000000000001a80       0x2c zephyr/drivers/gpio/libdrivers__gpio.a(gpio_nrfx.c.obj)
 .text.check_level_trigger_pins
                0x0000000000001aac       0x90 zephyr/drivers/gpio/libdrivers__gpio.a(gpio_nrfx.c.obj)
 .text.gpiote_event_handler
                0x0000000000001b3c       0xc8 zephyr/drivers/gpio/libdrivers__gpio.a(gpio_nrfx.c.obj)
 .text.gpio_nrfx_pin_interrupt_configure
                0x0000000000001c04      0x1b4 zephyr/drivers/gpio/libdrivers__gpio.a(gpio_nrfx.c.obj)
 .text.twim_0_init
                0x0000000000001db8       0x34 zephyr/drivers/i2c/libdrivers__i2c.a(i2c_nrfx_twim.c.obj)
 .text.event_handler
                0x0000000000001dec       0x34 zephyr/drivers/i2c/libdrivers__i2c.a(i2c_nrfx_twim.c.obj)
 .text.i2c_nrfx_twim_transfer
                0x0000000000001e20      0x174 zephyr/drivers/i2c/libdrivers__i2c.a(i2c_nrfx_twim.c.obj)
 .text.uart_nrfx_poll_in
                0x0000000000001f94       0x24 zephyr/drivers/serial/libdrivers__serial.a(uart_nrfx_uart.c.obj)
 .text.uart_nrfx_err_check
                0x0000000000001fb8       0x10 zephyr/drivers/serial/libdrivers__serial.a(uart_nrfx_uart.c.obj)
 .text.uart_nrfx_configure
                0x0000000000001fc8      0x168 zephyr/drivers/serial/libdrivers__serial.a(uart_nrfx_uart.c.obj)
 .text.uart_nrfx_poll_out
                0x0000000000002130       0x7c zephyr/drivers/serial/libdrivers__serial.a(uart_nrfx_uart.c.obj)
 .text.uart_nrfx_init
                0x00000000000021ac       0x58 zephyr/drivers/serial/libdrivers__serial.a(uart_nrfx_uart.c.obj)
 .text.nrf_gpio_pin_port_decode
                0x0000000000002204       0x1c zephyr/drivers/serial/libdrivers__serial.a(uart_nrfx_uarte.c.obj)
 .text.uarte_nrfx_configure
                0x0000000000002220      0x16c zephyr/drivers/serial/libdrivers__serial.a(uart_nrfx_uarte.c.obj)
 .text.uarte_nrfx_poll_out
                0x000000000000238c       0xc4 zephyr/drivers/serial/libdrivers__serial.a(uart_nrfx_uarte.c.obj)
 .text.uarte_1_init
                0x0000000000002450      0x12c zephyr/drivers/serial/libdrivers__serial.a(uart_nrfx_uarte.c.obj)
 .text.nrf52_errata_36
                0x000000000000257c       0x24 modules/hal_nordic/nrfx/libmodules__hal_nordic__nrfx.a(system_nrf52840.c.obj)
 .text.nrf52_errata_98
                0x00000000000025a0       0x24 modules/hal_nordic/nrfx/libmodules__hal_nordic__nrfx.a(system_nrf52840.c.obj)
 .text.nvmc_wait
                0x00000000000025c4       0x10 modules/hal_nordic/nrfx/libmodules__hal_nordic__nrfx.a(system_nrf52840.c.obj)
                0x00000000000025c4                nvmc_wait
 .text.SystemInit
                0x00000000000025d4      0x1a4 modules/hal_nordic/nrfx/libmodules__hal_nordic__nrfx.a(system_nrf52840.c.obj)
                0x00000000000025d4                SystemInit
 .text.nrfx_clock_init
                0x0000000000002778       0x20 modules/hal_nordic/nrfx/libmodules__hal_nordic__nrfx.a(nrfx_clock.c.obj)
                0x0000000000002778                nrfx_clock_init
 .text.nrfx_clock_stop
                0x0000000000002798       0x78 modules/hal_nordic/nrfx/libmodules__hal_nordic__nrfx.a(nrfx_clock.c.obj)
                0x0000000000002798                nrfx_clock_stop
 .text.nrfx_power_clock_irq_handler
                0x0000000000002810       0x68 modules/hal_nordic/nrfx/libmodules__hal_nordic__nrfx.a(nrfx_clock.c.obj)
                0x0000000000002810                nrfx_power_clock_irq_handler
 .text.nrfx_gpiote_channel_free
                0x0000000000002878       0x40 modules/hal_nordic/nrfx/libmodules__hal_nordic__nrfx.a(nrfx_gpiote.c.obj)
                0x0000000000002878                nrfx_gpiote_channel_free
 .text.nrfx_gpiote_channel_alloc
                0x00000000000028b8       0x70 modules/hal_nordic/nrfx/libmodules__hal_nordic__nrfx.a(nrfx_gpiote.c.obj)
                0x00000000000028b8                nrfx_gpiote_channel_alloc
 .text.nrfx_ppi_channel_alloc
                0x0000000000002928       0x68 modules/hal_nordic/nrfx/libmodules__hal_nordic__nrfx.a(nrfx_ppi.c.obj)
                0x0000000000002928                nrfx_ppi_channel_alloc
 .text.nrfx_twim_init
                0x0000000000002990       0xac modules/hal_nordic/nrfx/libmodules__hal_nordic__nrfx.a(nrfx_twim.c.obj)
                0x0000000000002990                nrfx_twim_init
 .text.nrfx_twim_enable
                0x0000000000002a3c       0x20 modules/hal_nordic/nrfx/libmodules__hal_nordic__nrfx.a(nrfx_twim.c.obj)
                0x0000000000002a3c                nrfx_twim_enable
 .text.nrfx_twim_disable
                0x0000000000002a5c       0x38 modules/hal_nordic/nrfx/libmodules__hal_nordic__nrfx.a(nrfx_twim.c.obj)
                0x0000000000002a5c                nrfx_twim_disable
 .text.nrfx_twim_xfer
                0x0000000000002a94      0x2ec modules/hal_nordic/nrfx/libmodules__hal_nordic__nrfx.a(nrfx_twim.c.obj)
                0x0000000000002a94                nrfx_twim_xfer
 .text.nrfx_twim_0_irq_handler
                0x0000000000002d80      0x180 modules/hal_nordic/nrfx/libmodules__hal_nordic__nrfx.a(nrfx_twim.c.obj)
                0x0000000000002d80                nrfx_twim_0_irq_handler
 .text.nrf_gpio_pin_port_decode
                0x0000000000002f00       0x1c modules/hal_nordic/nrfx/libmodules__hal_nordic__nrfx.a(nrfx_twi_twim.c.obj)
 .text.nrfx_twi_twim_bus_recover
                0x0000000000002f1c       0xc8 modules/hal_nordic/nrfx/libmodules__hal_nordic__nrfx.a(nrfx_twi_twim.c.obj)
                0x0000000000002f1c                nrfx_twi_twim_bus_recover
 .text.z_sys_init_run_level
                0x0000000000002fe4       0x40 zephyr/kernel/libkernel.a(device.c.obj)
                0x0000000000002fe4                z_sys_init_run_level
 .text.z_impl_device_get_binding
                0x0000000000003024       0x54 zephyr/kernel/libkernel.a(device.c.obj)
                0x0000000000003024                z_impl_device_get_binding
 .text.z_bss_zero
                0x0000000000003078       0x14 zephyr/kernel/libkernel.a(init.c.obj)
                0x0000000000003078                z_bss_zero
 .text.bg_thread_main
                0x000000000000308c       0x34 zephyr/kernel/libkernel.a(init.c.obj)
 .text.z_cstart
                0x00000000000030c0      0x110 zephyr/kernel/libkernel.a(init.c.obj)
                0x00000000000030c0                z_cstart
 .text.z_setup_new_thread
                0x00000000000031d0       0x60 zephyr/kernel/libkernel.a(thread.c.obj)
                0x00000000000031d0                z_setup_new_thread
 .text.z_init_static_threads
                0x0000000000003230       0xb8 zephyr/kernel/libkernel.a(thread.c.obj)
                0x0000000000003230                z_init_static_threads
 .text.idle     0x00000000000032e8       0x2c zephyr/kernel/libkernel.a(idle.c.obj)
                0x00000000000032e8                idle
 .text.z_impl_k_sem_give
                0x0000000000003314       0x40 zephyr/kernel/libkernel.a(sem.c.obj)
                0x0000000000003314                z_impl_k_sem_give
 .text.z_impl_k_sem_take
                0x0000000000003354       0x50 zephyr/kernel/libkernel.a(sem.c.obj)
                0x0000000000003354                z_impl_k_sem_take
 .text.z_reset_time_slice
                0x00000000000033a4       0x2c zephyr/kernel/libkernel.a(sched.c.obj)
                0x00000000000033a4                z_reset_time_slice
 .text.k_sched_time_slice_set
                0x00000000000033d0       0x60 zephyr/kernel/libkernel.a(sched.c.obj)
                0x00000000000033d0                k_sched_time_slice_set
 .text.z_reschedule
                0x0000000000003430       0x24 zephyr/kernel/libkernel.a(sched.c.obj)
                0x0000000000003430                z_reschedule
 .text.k_sched_lock
                0x0000000000003454       0x28 zephyr/kernel/libkernel.a(sched.c.obj)
                0x0000000000003454                k_sched_lock
 .text.update_cache
                0x000000000000347c       0x40 zephyr/kernel/libkernel.a(sched.c.obj)
 .text.unready_thread
                0x00000000000034bc       0x30 zephyr/kernel/libkernel.a(sched.c.obj)
 .text.pend     0x00000000000034ec       0x4c zephyr/kernel/libkernel.a(sched.c.obj)
 .text.z_pend_curr
                0x0000000000003538       0x28 zephyr/kernel/libkernel.a(sched.c.obj)
                0x0000000000003538                z_pend_curr
 .text.z_impl_k_thread_suspend
                0x0000000000003560       0x64 zephyr/kernel/libkernel.a(sched.c.obj)
                0x0000000000003560                z_impl_k_thread_suspend
 .text.k_sched_unlock
                0x00000000000035c4       0x38 zephyr/kernel/libkernel.a(sched.c.obj)
                0x00000000000035c4                k_sched_unlock
 .text.move_thread_to_end_of_prio_q
                0x00000000000035fc       0x74 zephyr/kernel/libkernel.a(sched.c.obj)
 .text.z_time_slice
                0x0000000000003670       0x80 zephyr/kernel/libkernel.a(sched.c.obj)
                0x0000000000003670                z_time_slice
 .text.ready_thread
                0x00000000000036f0       0x6c zephyr/kernel/libkernel.a(sched.c.obj)
 .text.z_sched_start
                0x000000000000375c       0x3c zephyr/kernel/libkernel.a(sched.c.obj)
                0x000000000000375c                z_sched_start
 .text.z_sched_init
                0x0000000000003798       0x18 zephyr/kernel/libkernel.a(sched.c.obj)
                0x0000000000003798                z_sched_init
 .text.z_impl_k_yield
                0x00000000000037b0       0x80 zephyr/kernel/libkernel.a(sched.c.obj)
                0x00000000000037b0                z_impl_k_yield
 .text.z_tick_sleep
                0x0000000000003830       0x90 zephyr/kernel/libkernel.a(sched.c.obj)
 .text.z_impl_k_sleep
                0x00000000000038c0       0x34 zephyr/kernel/libkernel.a(sched.c.obj)
                0x00000000000038c0                z_impl_k_sleep
 .text.z_impl_k_current_get
                0x00000000000038f4        0xc zephyr/kernel/libkernel.a(sched.c.obj)
                0x00000000000038f4                z_impl_k_current_get
 .text.z_thread_abort
                0x0000000000003900       0xa4 zephyr/kernel/libkernel.a(sched.c.obj)
                0x0000000000003900                z_thread_abort
 .text.z_data_copy
                0x00000000000039a4       0x34 zephyr/kernel/libkernel.a(xip.c.obj)
                0x00000000000039a4                z_data_copy
 .text.elapsed  0x00000000000039d8       0x14 zephyr/kernel/libkernel.a(timeout.c.obj)
 .text.next_timeout
                0x00000000000039ec       0x50 zephyr/kernel/libkernel.a(timeout.c.obj)
 .text.remove_timeout
                0x0000000000003a3c       0x34 zephyr/kernel/libkernel.a(timeout.c.obj)
 .text.z_add_timeout
                0x0000000000003a70       0xf4 zephyr/kernel/libkernel.a(timeout.c.obj)
                0x0000000000003a70                z_add_timeout
 .text.sys_clock_announce
                0x0000000000003b64       0xb8 zephyr/kernel/libkernel.a(timeout.c.obj)
                0x0000000000003b64                sys_clock_announce
 .text.sys_clock_tick_get
                0x0000000000003c1c       0x30 zephyr/kernel/libkernel.a(timeout.c.obj)
                0x0000000000003c1c                sys_clock_tick_get
 .text.boot_banner
                0x0000000000003c4c       0x18 zephyr/kernel/libkernel.a(banner.c.obj)
                0x0000000000003c4c                boot_banner
 .text.sys_notify_validate
                0x0000000000003c64       0x22 zephyr/libzephyr.a(notify.c.obj)
                0x0000000000003c64                sys_notify_validate
 .text.sys_notify_finalize
                0x0000000000003c86       0x1a zephyr/libzephyr.a(notify.c.obj)
                0x0000000000003c86                sys_notify_finalize
 .text.arch_printk_char_out
                0x0000000000003ca0        0x4 zephyr/libzephyr.a(printk.c.obj)
                0x0000000000003ca0                arch_printk_char_out
 .text.printk   0x0000000000003ca4       0x1a zephyr/libzephyr.a(printk.c.obj)
                0x0000000000003ca4                printk
 .text.process_recheck
                0x0000000000003cbe       0x38 zephyr/libzephyr.a(onoff.c.obj)
 .text.notify_one
                0x0000000000003cf6       0x2c zephyr/libzephyr.a(onoff.c.obj)
 .text.transition_complete
                0x0000000000003d22       0x1c zephyr/libzephyr.a(onoff.c.obj)
 .text.validate_args
                0x0000000000003d3e       0x1e zephyr/libzephyr.a(onoff.c.obj)
 .text.onoff_manager_init
                0x0000000000003d5c       0x26 zephyr/libzephyr.a(onoff.c.obj)
                0x0000000000003d5c                onoff_manager_init
 .text.onoff_request
                0x0000000000003d82       0x92 zephyr/libzephyr.a(onoff.c.obj)
                0x0000000000003d82                onoff_request
 .text.z_thread_entry
                0x0000000000003e14       0x14 zephyr/libzephyr.a(thread_entry.c.obj)
                0x0000000000003e14                z_thread_entry
 .text.encode_uint
                0x0000000000003e28       0x8c zephyr/libzephyr.a(cbprintf_complete.c.obj)
 .text.outs     0x0000000000003eb4       0x2c zephyr/libzephyr.a(cbprintf_complete.c.obj)
 .text._ConfigAbsSyms
                0x0000000000003ee0        0x2 zephyr/libzephyr.a(configs.c.obj)
                0x0000000000003ee0                _ConfigAbsSyms
 .text.pm_policy_next_state
                0x0000000000003ee2        0xa zephyr/libzephyr.a(policy_residency.c.obj)
                0x0000000000003ee2                pm_policy_next_state
 .text.get_status
                0x0000000000003eec       0x12 zephyr/libzephyr.a(clock_control_nrf.c.obj)
 .text.set_on_state
                0x0000000000003efe       0x26 zephyr/libzephyr.a(clock_control_nrf.c.obj)
 .text.stop     0x0000000000003f24       0x52 zephyr/libzephyr.a(clock_control_nrf.c.obj)
 .text.api_stop
                0x0000000000003f76        0x6 zephyr/libzephyr.a(clock_control_nrf.c.obj)
 .text.async_start
                0x0000000000003f7c       0x62 zephyr/libzephyr.a(clock_control_nrf.c.obj)
 .text.api_start
                0x0000000000003fde        0xe zephyr/libzephyr.a(clock_control_nrf.c.obj)
 .text.onoff_started_callback
                0x0000000000003fec       0x12 zephyr/libzephyr.a(clock_control_nrf.c.obj)
 .text.lfclk_start
                0x0000000000003ffe        0x6 zephyr/libzephyr.a(clock_control_nrf.c.obj)
 .text.lfclk_stop
                0x0000000000004004        0x6 zephyr/libzephyr.a(clock_control_nrf.c.obj)
 .text.blocking_start_callback
                0x000000000000400a        0x6 zephyr/libzephyr.a(clock_control_nrf.c.obj)
 .text.sys_clock_isr
                0x0000000000004010        0x2 zephyr/libzephyr.a(sys_clock_init.c.obj)
                0x0000000000004010                sys_clock_isr
 .text.sys_clock_idle_exit
                0x0000000000004012        0x2 zephyr/libzephyr.a(sys_clock_init.c.obj)
                0x0000000000004012                sys_clock_idle_exit
 .text.z_irq_spurious
                0x0000000000004014        0x8 zephyr/arch/arch/arm/core/aarch32/libarch__arm__core__aarch32.a(irq_manage.c.obj)
                0x0000000000004014                z_irq_spurious
 .text.z_arm_fatal_error
                0x000000000000401c        0x4 zephyr/arch/arch/arm/core/aarch32/libarch__arm__core__aarch32.a(fatal.c.obj)
                0x000000000000401c                z_arm_fatal_error
 .text.z_do_kernel_oops
                0x0000000000004020        0x8 zephyr/arch/arch/arm/core/aarch32/libarch__arm__core__aarch32.a(fatal.c.obj)
                0x0000000000004020                z_do_kernel_oops
 .text.z_arm_nmi
                0x0000000000004028        0xe zephyr/arch/arch/arm/core/aarch32/libarch__arm__core__aarch32.a(nmi.c.obj)
                0x0000000000004028                z_arm_nmi
 .text.strlen   0x0000000000004036        0xe zephyr/lib/libc/minimal/liblib__libc__minimal.a(string.c.obj)
                0x0000000000004036                strlen
 .text.strnlen  0x0000000000004044       0x12 zephyr/lib/libc/minimal/liblib__libc__minimal.a(string.c.obj)
                0x0000000000004044                strnlen
 .text.strcmp   0x0000000000004056       0x18 zephyr/lib/libc/minimal/liblib__libc__minimal.a(string.c.obj)
                0x0000000000004056                strcmp
 .text.memcpy   0x000000000000406e       0x56 zephyr/lib/libc/minimal/liblib__libc__minimal.a(string.c.obj)
                0x000000000000406e                memcpy
 .text.memset   0x00000000000040c4       0x46 zephyr/lib/libc/minimal/liblib__libc__minimal.a(string.c.obj)
                0x00000000000040c4                memset
 .text._stdout_hook_default
                0x000000000000410a        0x6 zephyr/lib/libc/minimal/liblib__libc__minimal.a(stdout_console.c.obj)
 .text.z_platform_init
                0x0000000000004110        0x4 zephyr/soc/arm/nordic_nrf/nrf52/libsoc__arm__nordic_nrf__nrf52.a(soc.c.obj)
                0x0000000000004110                z_platform_init
 .text.pm_power_state_set
                0x0000000000004114       0x26 zephyr/soc/arm/nordic_nrf/nrf52/libsoc__arm__nordic_nrf__nrf52.a(power.c.obj)
                0x0000000000004114                pm_power_state_set
 .text.pm_power_state_exit_post_ops
                0x000000000000413a       0x16 zephyr/soc/arm/nordic_nrf/nrf52/libsoc__arm__nordic_nrf__nrf52.a(power.c.obj)
                0x000000000000413a                pm_power_state_exit_post_ops
 .text.gpio_nrfx_port_get_raw
                0x0000000000004150        0xe zephyr/drivers/gpio/libdrivers__gpio.a(gpio_nrfx.c.obj)
 .text.gpio_nrfx_port_set_masked_raw
                0x000000000000415e       0x16 zephyr/drivers/gpio/libdrivers__gpio.a(gpio_nrfx.c.obj)
 .text.gpio_nrfx_port_set_bits_raw
                0x0000000000004174        0xc zephyr/drivers/gpio/libdrivers__gpio.a(gpio_nrfx.c.obj)
 .text.gpio_nrfx_port_clear_bits_raw
                0x0000000000004180        0xc zephyr/drivers/gpio/libdrivers__gpio.a(gpio_nrfx.c.obj)
 .text.gpio_nrfx_port_toggle_bits
                0x000000000000418c       0x12 zephyr/drivers/gpio/libdrivers__gpio.a(gpio_nrfx.c.obj)
 .text.gpio_nrfx_manage_callback
                0x000000000000419e       0x54 zephyr/drivers/gpio/libdrivers__gpio.a(gpio_nrfx.c.obj)
 .text.gpio_fire_callbacks.isra.0
                0x00000000000041f2       0x22 zephyr/drivers/gpio/libdrivers__gpio.a(gpio_nrfx.c.obj)
 .text.cfg_level_pins
                0x0000000000004214       0x4c zephyr/drivers/gpio/libdrivers__gpio.a(gpio_nrfx.c.obj)
 .text.i2c_nrfx_twim_configure
                0x0000000000004260       0x32 zephyr/drivers/i2c/libdrivers__i2c.a(i2c_nrfx_twim.c.obj)
 .text.uart_nrfx_config_get
                0x0000000000004292       0x10 zephyr/drivers/serial/libdrivers__serial.a(uart_nrfx_uart.c.obj)
 .text.uarte_nrfx_config_get
                0x00000000000042a2       0x10 zephyr/drivers/serial/libdrivers__serial.a(uart_nrfx_uarte.c.obj)
 .text.uarte_nrfx_err_check
                0x00000000000042b2        0xe zephyr/drivers/serial/libdrivers__serial.a(uart_nrfx_uarte.c.obj)
 .text.uarte_nrfx_poll_in
                0x00000000000042c0       0x26 zephyr/drivers/serial/libdrivers__serial.a(uart_nrfx_uarte.c.obj)
 .text.is_tx_ready.isra.0
                0x00000000000042e6       0x20 zephyr/drivers/serial/libdrivers__serial.a(uart_nrfx_uarte.c.obj)
 .text.uarte_nrfx_isr_int
                0x0000000000004306       0x74 zephyr/drivers/serial/libdrivers__serial.a(uart_nrfx_uarte.c.obj)
 .text.nrfx_isr
                0x000000000000437a        0x2 modules/hal_nordic/nrfx/libmodules__hal_nordic__nrfx.a(nrfx_glue.c.obj)
                0x000000000000437a                nrfx_isr
 .text.nrfx_busy_wait
                0x000000000000437c        0x4 modules/hal_nordic/nrfx/libmodules__hal_nordic__nrfx.a(nrfx_glue.c.obj)
                0x000000000000437c                nrfx_busy_wait
 .text.nrfx_clock_enable
                0x0000000000004380       0x14 modules/hal_nordic/nrfx/libmodules__hal_nordic__nrfx.a(nrfx_clock.c.obj)
                0x0000000000004380                nrfx_clock_enable
 .text.nrfx_clock_start
                0x0000000000004394       0x58 modules/hal_nordic/nrfx/libmodules__hal_nordic__nrfx.a(nrfx_clock.c.obj)
                0x0000000000004394                nrfx_clock_start
 .text.xfer_completeness_check
                0x00000000000043ec       0x60 modules/hal_nordic/nrfx/libmodules__hal_nordic__nrfx.a(nrfx_twim.c.obj)
 .text.nrf_gpio_pin_set
                0x000000000000444c       0x1a modules/hal_nordic/nrfx/libmodules__hal_nordic__nrfx.a(nrfx_twi_twim.c.obj)
 .text.z_device_state_init
                0x0000000000004466        0x2 zephyr/kernel/libkernel.a(device.c.obj)
                0x0000000000004466                z_device_state_init
 .text.z_device_ready
                0x0000000000004468       0x14 zephyr/kernel/libkernel.a(device.c.obj)
                0x0000000000004468                z_device_ready
 .text.arch_system_halt
                0x000000000000447c       0x12 zephyr/kernel/libkernel.a(fatal.c.obj)
                0x000000000000447c                arch_system_halt
 .text.k_sys_fatal_error_handler
                0x000000000000448e        0x6 zephyr/kernel/libkernel.a(fatal.c.obj)
                0x000000000000448e                k_sys_fatal_error_handler
 .text.z_fatal_error
                0x0000000000004494       0x36 zephyr/kernel/libkernel.a(fatal.c.obj)
                0x0000000000004494                z_fatal_error
 .text.k_is_in_isr
                0x00000000000044ca        0xc zephyr/kernel/libkernel.a(thread.c.obj)
                0x00000000000044ca                k_is_in_isr
 .text.z_pm_save_idle_exit
                0x00000000000044d6        0xe zephyr/kernel/libkernel.a(idle.c.obj)
                0x00000000000044d6                z_pm_save_idle_exit
 .text.sys_dlist_remove
                0x00000000000044e4       0x10 zephyr/kernel/libkernel.a(sched.c.obj)
 .text.unpend_thread_no_timeout
                0x00000000000044f4       0x14 zephyr/kernel/libkernel.a(sched.c.obj)
 .text.z_reschedule_irqlock
                0x0000000000004508       0x18 zephyr/kernel/libkernel.a(sched.c.obj)
                0x0000000000004508                z_reschedule_irqlock
 .text.z_reschedule_unlocked
                0x0000000000004520       0x14 zephyr/kernel/libkernel.a(sched.c.obj)
 .text.z_priq_dumb_best
                0x0000000000004534        0xc zephyr/kernel/libkernel.a(sched.c.obj)
                0x0000000000004534                z_priq_dumb_best
 .text.add_to_waitq_locked
                0x0000000000004540       0x54 zephyr/kernel/libkernel.a(sched.c.obj)
 .text.z_ready_thread
                0x0000000000004594       0x20 zephyr/kernel/libkernel.a(sched.c.obj)
                0x0000000000004594                z_ready_thread
 .text.z_thread_timeout
                0x00000000000045b4       0x44 zephyr/kernel/libkernel.a(sched.c.obj)
                0x00000000000045b4                z_thread_timeout
 .text.z_unpend_first_thread
                0x00000000000045f8       0x30 zephyr/kernel/libkernel.a(sched.c.obj)
                0x00000000000045f8                z_unpend_first_thread
 .text.z_abort_timeout
                0x0000000000004628       0x2c zephyr/kernel/libkernel.a(timeout.c.obj)
                0x0000000000004628                z_abort_timeout
 .text.z_get_next_timeout_expiry
                0x0000000000004654       0x20 zephyr/kernel/libkernel.a(timeout.c.obj)
                0x0000000000004654                z_get_next_timeout_expiry
 .text.z_set_timeout_expiry
                0x0000000000004674       0x34 zephyr/kernel/libkernel.a(timeout.c.obj)
                0x0000000000004674                z_set_timeout_expiry
 .text.sys_clock_tick_get_32
                0x00000000000046a8        0x8 zephyr/kernel/libkernel.a(timeout.c.obj)
                0x00000000000046a8                sys_clock_tick_get_32
 .text.z_impl_k_busy_wait
                0x00000000000046b0        0x8 zephyr/kernel/libkernel.a(timeout.c.obj)
                0x00000000000046b0                z_impl_k_busy_wait
 .text._OffsetAbsSyms
                0x00000000000046b8        0x2 zephyr/CMakeFiles/offsets.dir/arch/arm/core/offsets/offsets.c.obj
                0x00000000000046b8                _OffsetAbsSyms
 *(SORT_BY_ALIGNMENT(.TEXT.*))
 *(SORT_BY_ALIGNMENT(.gnu.linkonce.t.*))
 *(SORT_BY_ALIGNMENT(.glue_7t))
 .glue_7t       0x00000000000046ba        0x0 linker stubs
 *(SORT_BY_ALIGNMENT(.glue_7))
 .glue_7        0x00000000000046ba        0x0 linker stubs
 *(SORT_BY_ALIGNMENT(.vfp11_veneer))
 .vfp11_veneer  0x00000000000046ba        0x0 linker stubs
 *(SORT_BY_ALIGNMENT(.v4_bx))
 .v4_bx         0x00000000000046ba        0x0 linker stubs
                0x00000000000046ba                _image_text_end = .

.ARM.exidx      0x00000000000046bc        0x8
                0x00000000000046bc                __exidx_start = .
 *(SORT_BY_ALIGNMENT(.ARM.exidx*) SORT_BY_ALIGNMENT(gnu.linkonce.armexidx.*))
 .ARM.exidx     0x00000000000046bc        0x8 /home/steve/zephyr-sdk-0.12.3/arm-zephyr-eabi/bin/../lib/gcc/arm-zephyr-eabi/10.2.0/thumb/v7e-m/nofp/libgcc.a(_udivmoddi4.o)
                0x00000000000046c4                __exidx_end = .
                0x00000000000046c4                _image_rodata_start = .

initlevel       0x00000000000046c4       0x50
                0x00000000000046c4                __init_start = .
                0x00000000000046c4                __init_PRE_KERNEL_1_start = .
 *(SORT_BY_NAME(SORT_BY_ALIGNMENT(.z_init_PRE_KERNEL_1[0-9]_*)))
 .z_init_PRE_KERNEL_10_
                0x00000000000046c4        0x8 zephyr/soc/arm/nordic_nrf/nrf52/libsoc__arm__nordic_nrf__nrf52.a(soc.c.obj)
 *(SORT_BY_NAME(SORT_BY_ALIGNMENT(.z_init_PRE_KERNEL_1[1-9][0-9]_*)))
 .z_init_PRE_KERNEL_150_
                0x00000000000046cc        0x8 zephyr/libzephyr.a(clock_control_nrf.c.obj)
 .z_init_PRE_KERNEL_150_
                0x00000000000046d4        0x8 zephyr/drivers/serial/libdrivers__serial.a(uart_nrfx_uart.c.obj)
 .z_init_PRE_KERNEL_150_
                0x00000000000046dc        0x8 zephyr/drivers/serial/libdrivers__serial.a(uart_nrfx_uarte.c.obj)
 .z_init_PRE_KERNEL_160_
                0x00000000000046e4        0x8 zephyr/libzephyr.a(uart_console.c.obj)
                0x00000000000046ec                __init_PRE_KERNEL_2_start = .
 *(SORT_BY_NAME(SORT_BY_ALIGNMENT(.z_init_PRE_KERNEL_2[0-9]_*)))
 .z_init_PRE_KERNEL_20_
                0x00000000000046ec        0x8 zephyr/libzephyr.a(sys_clock_init.c.obj)
 *(SORT_BY_NAME(SORT_BY_ALIGNMENT(.z_init_PRE_KERNEL_2[1-9][0-9]_*)))
 .z_init_PRE_KERNEL_240_
                0x00000000000046f4        0x8 zephyr/boards/arm/reel_board/libboards__arm__reel_board.a(board.c.obj)
                0x00000000000046fc                __init_POST_KERNEL_start = .
 *(SORT_BY_NAME(SORT_BY_ALIGNMENT(.z_init_POST_KERNEL[0-9]_*)))
 *(SORT_BY_NAME(SORT_BY_ALIGNMENT(.z_init_POST_KERNEL[1-9][0-9]_*)))
 .z_init_POST_KERNEL40_
                0x00000000000046fc       0x10 zephyr/drivers/gpio/libdrivers__gpio.a(gpio_nrfx.c.obj)
 .z_init_POST_KERNEL60_
                0x000000000000470c        0x8 zephyr/drivers/i2c/libdrivers__i2c.a(i2c_nrfx_twim.c.obj)
                0x0000000000004714                __init_APPLICATION_start = .
 *(SORT_BY_NAME(SORT_BY_ALIGNMENT(.z_init_APPLICATION[0-9]_*)))
 *(SORT_BY_NAME(SORT_BY_ALIGNMENT(.z_init_APPLICATION[1-9][0-9]_*)))
                0x0000000000004714                __init_SMP_start = .
 *(SORT_BY_NAME(SORT_BY_ALIGNMENT(.z_init_SMP[0-9]_*)))
 *(SORT_BY_NAME(SORT_BY_ALIGNMENT(.z_init_SMP[1-9][0-9]_*)))
                0x0000000000004714                __init_end = .

sw_isr_table    0x0000000000004714      0x180
                0x0000000000004714                . = ALIGN (0x0)
 *(SORT_BY_ALIGNMENT(.gnu.linkonce.sw_isr_table*))
 .gnu.linkonce.sw_isr_table
                0x0000000000004714      0x180 zephyr/arch/common/libisr_tables.a(isr_tables.c.obj)
                0x0000000000004714                _sw_isr_table

initlevel_error
                0x00000000000046c4        0x0
 *(SORT_BY_NAME(SORT_BY_ALIGNMENT(.z_init_[_A-Z0-9]*)))
                0x0000000000000001                ASSERT ((SIZEOF (initlevel_error) == 0x0), Undefined initialization levels used.)

app_shmem_regions
                0x0000000000004894        0x0
                0x0000000000004894                __app_shmem_regions_start = .
 *(SORT_BY_NAME(SORT_BY_ALIGNMENT(.app_regions.*)))
                0x0000000000004894                __app_shmem_regions_end = .

bt_l2cap_fixed_chan_area
                0x0000000000004894        0x0
                0x0000000000004894                _bt_l2cap_fixed_chan_list_start = .
 *(SORT_BY_NAME(SORT_BY_ALIGNMENT(._bt_l2cap_fixed_chan.static.*)))
                0x0000000000004894                _bt_l2cap_fixed_chan_list_end = .

bt_gatt_service_static_area
                0x0000000000004894        0x0
                0x0000000000004894                _bt_gatt_service_static_list_start = .
 *(SORT_BY_NAME(SORT_BY_ALIGNMENT(._bt_gatt_service_static.static.*)))
                0x0000000000004894                _bt_gatt_service_static_list_end = .

k_p4wq_initparam_area
                0x0000000000004894        0x0
                0x0000000000004894                _k_p4wq_initparam_list_start = .
 *(SORT_BY_NAME(SORT_BY_ALIGNMENT(._k_p4wq_initparam.static.*)))
                0x0000000000004894                _k_p4wq_initparam_list_end = .

log_strings_sections
                0x0000000000004894        0x0
                0x0000000000004894                __log_strings_start = .
 *(SORT_BY_NAME(SORT_BY_ALIGNMENT(.log_strings*)))
                0x0000000000004894                __log_strings_end = .

log_const_sections
                0x0000000000004894        0x0
                0x0000000000004894                __log_const_start = .
 *(SORT_BY_NAME(SORT_BY_ALIGNMENT(.log_const_*)))
                0x0000000000004894                __log_const_end = .

log_backends_sections
                0x0000000000004894        0x0
                0x0000000000004894                __log_backends_start = .
 *(SORT_BY_ALIGNMENT(._log_backend.*))
                0x0000000000004894                __log_backends_end = .

shell_area      0x0000000000004894        0x0
                0x0000000000004894                _shell_list_start = .
 *(SORT_BY_NAME(SORT_BY_ALIGNMENT(._shell.static.*)))
                0x0000000000004894                _shell_list_end = .

shell_root_cmds_sections
                0x0000000000004894        0x0
                0x0000000000004894                __shell_root_cmds_start = .
 *(SORT_BY_NAME(SORT_BY_ALIGNMENT(.shell_root_cmd_*)))
                0x0000000000004894                __shell_root_cmds_end = .

font_entry_sections
                0x0000000000004894        0x0
                0x0000000000004894                __font_entry_start = .
 *(SORT_BY_NAME(SORT_BY_ALIGNMENT(._cfb_font.*)))
                0x0000000000004894                __font_entry_end = .

tracing_backend_area
                0x0000000000004894        0x0
                0x0000000000004894                _tracing_backend_list_start = .
 *(SORT_BY_NAME(SORT_BY_ALIGNMENT(._tracing_backend.static.*)))
                0x0000000000004894                _tracing_backend_list_end = .

zephyr_dbg_info
 *(SORT_BY_ALIGNMENT(.dbg_thread_info))

device_handles  0x0000000000004894       0x3e
                0x0000000000004894                __device_handles_start = .
 *(SORT_BY_NAME(SORT_BY_ALIGNMENT(.__device_handles_pass1*)))
 .__device_handles_pass1
                0x0000000000004894        0xa zephyr/libzephyr.a(clock_control_nrf.c.obj)
                0x0000000000004894                __devicehdl_DT_N_S_soc_S_clock_40000000
 .__device_handles_pass1
                0x000000000000489e        0x6 zephyr/libzephyr.a(sys_clock_init.c.obj)
                0x000000000000489e                __devicehdl_sys_init_sys_clock_driver_init0
 .__device_handles_pass1
                0x00000000000048a4       0x10 zephyr/drivers/gpio/libdrivers__gpio.a(gpio_nrfx.c.obj)
                0x00000000000048a4                __devicehdl_DT_N_S_soc_S_gpio_50000300
                0x00000000000048ac                __devicehdl_DT_N_S_soc_S_gpio_50000000
 .__device_handles_pass1
                0x00000000000048b4        0xa zephyr/drivers/i2c/libdrivers__i2c.a(i2c_nrfx_twim.c.obj)
                0x00000000000048b4                __devicehdl_DT_N_S_soc_S_i2c_40003000
 .__device_handles_pass1
                0x00000000000048be        0xa zephyr/drivers/serial/libdrivers__serial.a(uart_nrfx_uart.c.obj)
                0x00000000000048be                __devicehdl_DT_N_S_soc_S_uart_40002000
 .__device_handles_pass1
                0x00000000000048c8        0xa zephyr/drivers/serial/libdrivers__serial.a(uart_nrfx_uarte.c.obj)
                0x00000000000048c8                __devicehdl_DT_N_S_soc_S_uart_40028000
                0x00000000000048d2                __device_handles_end = .

rodata          0x00000000000048e0      0x1d0
 *(SORT_BY_ALIGNMENT(.rodata))
 *(SORT_BY_ALIGNMENT(.rodata.*))
 .rodata.delay_machine_code.0
                0x00000000000048e0        0x6 zephyr/soc/arm/nordic_nrf/nrf52/libsoc__arm__nordic_nrf__nrf52.a(soc.c.obj)
 *fill*         0x00000000000048e6        0x2 
 .rodata.clock_control_api
                0x00000000000048e8       0x14 zephyr/libzephyr.a(clock_control_nrf.c.obj)
 .rodata.config
                0x00000000000048fc       0x10 zephyr/libzephyr.a(clock_control_nrf.c.obj)
 .rodata.transitions.0
                0x000000000000490c        0xc zephyr/libzephyr.a(clock_control_nrf.c.obj)
 .rodata.static_regions
                0x0000000000004918        0xc zephyr/arch/arch/arm/core/aarch32/mpu/libarch__arm__core__aarch32__mpu.a(arm_core_mpu.c.obj)
 .rodata.mpu_config
                0x0000000000004924        0x8 zephyr/soc/arm/common/cortex_m/libsoc__arm__common__cortex_m.a(arm_mpu_regions.c.obj)
                0x0000000000004924                mpu_config
 .rodata.mpu_regions
                0x000000000000492c       0x18 zephyr/soc/arm/common/cortex_m/libsoc__arm__common__cortex_m.a(arm_mpu_regions.c.obj)
 .rodata.gpio_nrfx_drv_api_funcs
                0x0000000000004944       0x24 zephyr/drivers/gpio/libdrivers__gpio.a(gpio_nrfx.c.obj)
 .rodata.gpio_nrfx_p0_cfg
                0x0000000000004968        0xc zephyr/drivers/gpio/libdrivers__gpio.a(gpio_nrfx.c.obj)
 .rodata.gpio_nrfx_p1_cfg
                0x0000000000004974        0xc zephyr/drivers/gpio/libdrivers__gpio.a(gpio_nrfx.c.obj)
 .rodata.i2c_nrfx_twim_driver_api
                0x0000000000004980       0x14 zephyr/drivers/i2c/libdrivers__i2c.a(i2c_nrfx_twim.c.obj)
 .rodata.twim_0z_config
                0x0000000000004994       0x18 zephyr/drivers/i2c/libdrivers__i2c.a(i2c_nrfx_twim.c.obj)
 .rodata.uart_nrfx_uart_driver_api
                0x00000000000049ac       0x14 zephyr/drivers/serial/libdrivers__serial.a(uart_nrfx_uart.c.obj)
 .rodata.uart_nrfx_uarte_driver_api
                0x00000000000049c0       0x14 zephyr/drivers/serial/libdrivers__serial.a(uart_nrfx_uarte.c.obj)
 .rodata.uarte_1z_config
                0x00000000000049d4        0x8 zephyr/drivers/serial/libdrivers__serial.a(uart_nrfx_uarte.c.obj)
 .rodata.levels.0
                0x00000000000049dc       0x14 zephyr/kernel/libkernel.a(device.c.obj)
 .rodata._k_neg_eagain
                0x00000000000049f0        0x4 zephyr/kernel/libkernel.a(errno.c.obj)
                0x00000000000049f0                _k_neg_eagain
 .rodata.main.str1.1
                0x00000000000049f4       0x1f app/libapp.a(main.c.obj)
 .rodata.cbvprintf.str1.1
                0x0000000000004a13        0x6 zephyr/libzephyr.a(cbprintf_complete.c.obj)
 .rodata.uart_console_init.str1.1
                0x0000000000004a19        0x7 zephyr/libzephyr.a(uart_console.c.obj)
 .rodata.str1.1
                0x0000000000004a20        0x6 zephyr/libzephyr.a(clock_control_nrf.c.obj)
 .rodata.str1.1
                0x0000000000004a26        0xa zephyr/libzephyr.a(sys_clock_init.c.obj)
 .rodata.str1.1
                0x0000000000004a30        0xf zephyr/soc/arm/common/cortex_m/libsoc__arm__common__cortex_m.a(arm_mpu_regions.c.obj)
 .rodata.str1.1
                0x0000000000004a3f        0xe zephyr/drivers/gpio/libdrivers__gpio.a(gpio_nrfx.c.obj)
 .rodata.str1.1
                0x0000000000004a4d        0x6 zephyr/drivers/i2c/libdrivers__i2c.a(i2c_nrfx_twim.c.obj)
 .rodata.str1.1
                0x0000000000004a53        0x7 zephyr/drivers/serial/libdrivers__serial.a(uart_nrfx_uart.c.obj)
 .rodata.str1.1
                0x0000000000004a53        0x7 zephyr/drivers/serial/libdrivers__serial.a(uart_nrfx_uarte.c.obj)
 .rodata.CSWTCH.3
                0x0000000000004a5a        0x6 modules/hal_nordic/nrfx/libmodules__hal_nordic__nrfx.a(system_nrf52840.c.obj)
 .rodata.CSWTCH.7
                0x0000000000004a60        0x6 modules/hal_nordic/nrfx/libmodules__hal_nordic__nrfx.a(system_nrf52840.c.obj)
 .rodata.z_cstart.str1.1
                0x0000000000004a66        0x5 zephyr/kernel/libkernel.a(init.c.obj)
 .rodata.boot_banner.str1.1
                0x0000000000004a6b       0x43 zephyr/kernel/libkernel.a(banner.c.obj)
                                         0x44 (size before relaxing)
 *(SORT_BY_ALIGNMENT(.gnu.linkonce.r.*))
                0x0000000000004ab0                . = ALIGN (0x4)
 *fill*         0x0000000000004aae        0x2 
                0x0000000000004ab0                _image_rodata_end = .
                0x0000000000004ac0                . = ALIGN (_region_min_align)
                0x0000000000008000                . = ALIGN ((0x1 << LOG2CEIL ((_image_rodata_end - _image_rom_start))))
                0x0000000000008000                _image_rom_end = .
                0x0000000020000000                . = 0x20000000
                0x0000000020000000                . = ALIGN (_region_min_align)
                0x0000000020000000                _image_ram_start = .

.ramfunc        0x0000000020000000        0x0 load address 0x0000000000004ab0
                0x0000000020000000                . = ALIGN (_region_min_align)
                0x0000000020000000                . = ALIGN ((0x1 << LOG2CEIL (_ramfunc_ram_size)))
                0x0000000020000000                _ramfunc_ram_start = .
 *(SORT_BY_ALIGNMENT(.ramfunc))
 *(SORT_BY_ALIGNMENT(.ramfunc.*))
                0x0000000020000000                . = ALIGN (_region_min_align)
                0x0000000020000000                . = ALIGN ((0x1 << LOG2CEIL (_ramfunc_ram_size)))
                0x0000000020000000                _ramfunc_ram_end = .
                0x0000000000000000                _ramfunc_ram_size = (_ramfunc_ram_end - _ramfunc_ram_start)
                0x0000000000004ab0                _ramfunc_rom_start = LOADADDR (.ramfunc)

datas           0x0000000020000000       0x64 load address 0x0000000000004ab0
                0x0000000020000000                __data_ram_start = .
 *(SORT_BY_ALIGNMENT(.data))
 *(SORT_BY_ALIGNMENT(.data.*))
 .data._char_out
                0x0000000020000000        0x4 zephyr/libzephyr.a(printk.c.obj)
                0x0000000020000000                _char_out
 .data.post_ops_done
                0x0000000020000004        0x4 zephyr/libzephyr.a(power.c.obj)
 .data._stdout_hook
                0x0000000020000008        0x4 zephyr/lib/libc/minimal/liblib__libc__minimal.a(stdout_console.c.obj)
 .data.twim_0_data
                0x000000002000000c       0x30 zephyr/drivers/i2c/libdrivers__i2c.a(i2c_nrfx_twim.c.obj)
 .data.uart_nrfx_uart0_data
                0x000000002000003c        0x8 zephyr/drivers/serial/libdrivers__serial.a(uart_nrfx_uart.c.obj)
 .data.uarte_1_data
                0x0000000020000044       0x14 zephyr/drivers/serial/libdrivers__serial.a(uart_nrfx_uarte.c.obj)
 .data.SystemCoreClock
                0x0000000020000058        0x4 modules/hal_nordic/nrfx/libmodules__hal_nordic__nrfx.a(system_nrf52840.c.obj)
                0x0000000020000058                SystemCoreClock
 .data.timeout_list
                0x000000002000005c        0x8 zephyr/kernel/libkernel.a(timeout.c.obj)
 *(SORT_BY_ALIGNMENT(.kernel.*))
                0x0000000000004ab0                __data_rom_start = LOADADDR (datas)

devices         0x0000000020000064       0xa8 load address 0x0000000000004b14
                0x0000000020000064                __device_start = .
                0x0000000020000064                __device_PRE_KERNEL_1_start = .
 *(SORT_BY_NAME(SORT_BY_ALIGNMENT(.z_device_PRE_KERNEL_1[0-9]_*)))
 *(SORT_BY_NAME(SORT_BY_ALIGNMENT(.z_device_PRE_KERNEL_1[1-9][0-9]_*)))
 .z_device_PRE_KERNEL_150_
                0x0000000020000064       0x18 zephyr/libzephyr.a(clock_control_nrf.c.obj)
                0x0000000020000064                __device_dts_ord_24
 .z_device_PRE_KERNEL_150_
                0x000000002000007c       0x18 zephyr/drivers/serial/libdrivers__serial.a(uart_nrfx_uart.c.obj)
                0x000000002000007c                __device_dts_ord_48
 .z_device_PRE_KERNEL_150_
                0x0000000020000094       0x18 zephyr/drivers/serial/libdrivers__serial.a(uart_nrfx_uarte.c.obj)
                0x0000000020000094                __device_dts_ord_49
                0x00000000200000ac                __device_PRE_KERNEL_2_start = .
 *(SORT_BY_NAME(SORT_BY_ALIGNMENT(.z_device_PRE_KERNEL_2[0-9]_*)))
 .z_device_PRE_KERNEL_20_
                0x00000000200000ac       0x18 zephyr/libzephyr.a(sys_clock_init.c.obj)
 *(SORT_BY_NAME(SORT_BY_ALIGNMENT(.z_device_PRE_KERNEL_2[1-9][0-9]_*)))
                0x00000000200000c4                __device_POST_KERNEL_start = .
 *(SORT_BY_NAME(SORT_BY_ALIGNMENT(.z_device_POST_KERNEL[0-9]_*)))
 *(SORT_BY_NAME(SORT_BY_ALIGNMENT(.z_device_POST_KERNEL[1-9][0-9]_*)))
 .z_device_POST_KERNEL40_
                0x00000000200000c4       0x30 zephyr/drivers/gpio/libdrivers__gpio.a(gpio_nrfx.c.obj)
                0x00000000200000c4                __device_dts_ord_11
                0x00000000200000dc                __device_dts_ord_16
 .z_device_POST_KERNEL60_
                0x00000000200000f4       0x18 zephyr/drivers/i2c/libdrivers__i2c.a(i2c_nrfx_twim.c.obj)
                0x00000000200000f4                __device_dts_ord_63
                0x000000002000010c                __device_APPLICATION_start = .
 *(SORT_BY_NAME(SORT_BY_ALIGNMENT(.z_device_APPLICATION[0-9]_*)))
 *(SORT_BY_NAME(SORT_BY_ALIGNMENT(.z_device_APPLICATION[1-9][0-9]_*)))
                0x000000002000010c                __device_SMP_start = .
 *(SORT_BY_NAME(SORT_BY_ALIGNMENT(.z_device_SMP[0-9]_*)))
 *(SORT_BY_NAME(SORT_BY_ALIGNMENT(.z_device_SMP[1-9][0-9]_*)))
                0x000000002000010c                __device_end = .

initshell       0x000000002000010c        0x0 load address 0x0000000000004bbc
                0x000000002000010c                __shell_module_start = .
 *(SORT_BY_ALIGNMENT(.shell_module_*))
                0x000000002000010c                __shell_module_end = .
                0x000000002000010c                __shell_cmd_start = .
 *(SORT_BY_ALIGNMENT(.shell_cmd_*))
                0x000000002000010c                __shell_cmd_end = .

log_dynamic_sections
                0x000000002000010c        0x0 load address 0x0000000000004bbc
                0x000000002000010c                __log_dynamic_start = .
 *(SORT_BY_NAME(SORT_BY_ALIGNMENT(.log_dynamic_*)))
                0x000000002000010c                __log_dynamic_end = .

_static_thread_data_area
                0x000000002000010c        0x0 load address 0x0000000000004bbc
                0x000000002000010c                __static_thread_data_list_start = .
 *(SORT_BY_NAME(SORT_BY_ALIGNMENT(.__static_thread_data.static.*)))
                0x000000002000010c                __static_thread_data_list_end = .

k_timer_area    0x000000002000010c        0x0 load address 0x0000000000004bbc
                0x000000002000010c                _k_timer_list_start = .
 *(SORT_BY_NAME(SORT_BY_ALIGNMENT(._k_timer.static.*)))
                0x000000002000010c                _k_timer_list_end = .

k_mem_slab_area
                0x000000002000010c        0x0 load address 0x0000000000004bbc
                0x000000002000010c                _k_mem_slab_list_start = .
 *(SORT_BY_NAME(SORT_BY_ALIGNMENT(._k_mem_slab.static.*)))
                0x000000002000010c                _k_mem_slab_list_end = .

k_mem_pool_area
                0x000000002000010c        0x0 load address 0x0000000000004bbc
                0x000000002000010c                _k_mem_pool_list_start = .
 *(SORT_BY_NAME(SORT_BY_ALIGNMENT(._k_mem_pool.static.*)))
                0x000000002000010c                _k_mem_pool_list_end = .

k_heap_area     0x000000002000010c        0x0 load address 0x0000000000004bbc
                0x000000002000010c                _k_heap_list_start = .
 *(SORT_BY_NAME(SORT_BY_ALIGNMENT(._k_heap.static.*)))
                0x000000002000010c                _k_heap_list_end = .

k_mutex_area    0x000000002000010c        0x0 load address 0x0000000000004bbc
                0x000000002000010c                _k_mutex_list_start = .
 *(SORT_BY_NAME(SORT_BY_ALIGNMENT(._k_mutex.static.*)))
                0x000000002000010c                _k_mutex_list_end = .

k_stack_area    0x000000002000010c        0x0 load address 0x0000000000004bbc
                0x000000002000010c                _k_stack_list_start = .
 *(SORT_BY_NAME(SORT_BY_ALIGNMENT(._k_stack.static.*)))
                0x000000002000010c                _k_stack_list_end = .

k_msgq_area     0x000000002000010c        0x0 load address 0x0000000000004bbc
                0x000000002000010c                _k_msgq_list_start = .
 *(SORT_BY_NAME(SORT_BY_ALIGNMENT(._k_msgq.static.*)))
                0x000000002000010c                _k_msgq_list_end = .

k_mbox_area     0x000000002000010c        0x0 load address 0x0000000000004bbc
                0x000000002000010c                _k_mbox_list_start = .
 *(SORT_BY_NAME(SORT_BY_ALIGNMENT(._k_mbox.static.*)))
                0x000000002000010c                _k_mbox_list_end = .

k_pipe_area     0x000000002000010c        0x0 load address 0x0000000000004bbc
                0x000000002000010c                _k_pipe_list_start = .
 *(SORT_BY_NAME(SORT_BY_ALIGNMENT(._k_pipe.static.*)))
                0x000000002000010c                _k_pipe_list_end = .

k_sem_area      0x000000002000010c        0x0 load address 0x0000000000004bbc
                0x000000002000010c                _k_sem_list_start = .
 *(SORT_BY_NAME(SORT_BY_ALIGNMENT(._k_sem.static.*)))
                0x000000002000010c                _k_sem_list_end = .

k_queue_area    0x000000002000010c        0x0 load address 0x0000000000004bbc
                0x000000002000010c                _k_queue_list_start = .
 *(SORT_BY_NAME(SORT_BY_ALIGNMENT(._k_queue.static.*)))
                0x000000002000010c                _k_queue_list_end = .

k_condvar_area  0x000000002000010c        0x0 load address 0x0000000000004bbc
                0x000000002000010c                _k_condvar_list_start = .
 *(SORT_BY_NAME(SORT_BY_ALIGNMENT(._k_condvar.static.*)))
                0x000000002000010c                _k_condvar_list_end = .

_net_buf_pool_area
                0x000000002000010c        0x0 load address 0x0000000000004bbc
                0x000000002000010c                _net_buf_pool_list = .
 *(SORT_BY_NAME(SORT_BY_ALIGNMENT(._net_buf_pool.static.*)))
                0x000000002000010c                __data_ram_end = .

bss             0x0000000020000110      0x2d3
                0x0000000020000110                . = ALIGN (0x4)
                0x0000000020000110                __bss_start = .
                0x0000000020000110                __kernel_ram_start = .
 *(SORT_BY_ALIGNMENT(.bss))
 *(SORT_BY_ALIGNMENT(.bss.*))
 .bss.z_idle_threads
                0x0000000020000110       0x80 zephyr/kernel/libkernel.a(init.c.obj)
                0x0000000020000110                z_idle_threads
 .bss.z_main_thread
                0x0000000020000190       0x80 zephyr/kernel/libkernel.a(init.c.obj)
                0x0000000020000190                z_main_thread
 .bss.curr_tick
                0x0000000020000210        0x8 zephyr/kernel/libkernel.a(timeout.c.obj)
 .bss.pm_notifiers
                0x0000000020000218        0x8 zephyr/libzephyr.a(power.c.obj)
 .bss.z_power_state
                0x0000000020000220        0xc zephyr/libzephyr.a(power.c.obj)
 .bss.uart_console_dev
                0x000000002000022c        0x4 zephyr/libzephyr.a(uart_console.c.obj)
 .bss.__devstate_dts_ord_24
                0x0000000020000230        0x4 zephyr/libzephyr.a(clock_control_nrf.c.obj)
 .bss.cli.1     0x0000000020000234       0x10 zephyr/libzephyr.a(clock_control_nrf.c.obj)
 .bss.data      0x0000000020000244       0x50 zephyr/libzephyr.a(clock_control_nrf.c.obj)
 .bss.hfclk_users
                0x0000000020000294        0x4 zephyr/libzephyr.a(clock_control_nrf.c.obj)
 .bss.on.2      0x0000000020000298        0x4 zephyr/libzephyr.a(clock_control_nrf.c.obj)
 .bss.__devstate_sys_init_sys_clock_driver_init0
                0x000000002000029c        0x4 zephyr/libzephyr.a(sys_clock_init.c.obj)
 .bss.cc_data   0x00000000200002a0        0x8 zephyr/libzephyr.a(nrf_rtc_timer.c.obj)
 .bss.int_mask  0x00000000200002a8        0x4 zephyr/libzephyr.a(nrf_rtc_timer.c.obj)
 .bss.last_count
                0x00000000200002ac        0x4 zephyr/libzephyr.a(nrf_rtc_timer.c.obj)
 .bss.__devstate_dts_ord_11
                0x00000000200002b0        0x4 zephyr/drivers/gpio/libdrivers__gpio.a(gpio_nrfx.c.obj)
 .bss.__devstate_dts_ord_16
                0x00000000200002b4        0x4 zephyr/drivers/gpio/libdrivers__gpio.a(gpio_nrfx.c.obj)
 .bss.gpio_nrfx_p0_data
                0x00000000200002b8       0x1c zephyr/drivers/gpio/libdrivers__gpio.a(gpio_nrfx.c.obj)
 .bss.gpio_nrfx_p1_data
                0x00000000200002d4       0x1c zephyr/drivers/gpio/libdrivers__gpio.a(gpio_nrfx.c.obj)
 .bss.__devstate_dts_ord_63
                0x00000000200002f0        0x4 zephyr/drivers/i2c/libdrivers__i2c.a(i2c_nrfx_twim.c.obj)
 .bss.__devstate_dts_ord_48
                0x00000000200002f4        0x4 zephyr/drivers/serial/libdrivers__serial.a(uart_nrfx_uart.c.obj)
 .bss.poll_out_lock.0
                0x00000000200002f8        0x4 zephyr/drivers/serial/libdrivers__serial.a(uart_nrfx_uart.c.obj)
 .bss.__devstate_dts_ord_49
                0x00000000200002fc        0x4 zephyr/drivers/serial/libdrivers__serial.a(uart_nrfx_uarte.c.obj)
 .bss.m_clock_cb
                0x0000000020000300        0x8 modules/hal_nordic/nrfx/libmodules__hal_nordic__nrfx.a(nrfx_clock.c.obj)
 .bss.m_cb      0x0000000020000308       0x60 modules/hal_nordic/nrfx/libmodules__hal_nordic__nrfx.a(nrfx_gpiote.c.obj)
 .bss.m_channels_allocated
                0x0000000020000368        0x4 modules/hal_nordic/nrfx/libmodules__hal_nordic__nrfx.a(nrfx_ppi.c.obj)
 .bss.m_cb      0x000000002000036c       0x34 modules/hal_nordic/nrfx/libmodules__hal_nordic__nrfx.a(nrfx_twim.c.obj)
 .bss._kernel   0x00000000200003a0       0x30 zephyr/kernel/libkernel.a(init.c.obj)
                0x00000000200003a0                _kernel
 .bss.pending_current
                0x00000000200003d0        0x4 zephyr/kernel/libkernel.a(sched.c.obj)
 .bss.slice_max_prio
                0x00000000200003d4        0x4 zephyr/kernel/libkernel.a(sched.c.obj)
 .bss.slice_time
                0x00000000200003d8        0x4 zephyr/kernel/libkernel.a(sched.c.obj)
 .bss.announce_remaining
                0x00000000200003dc        0x4 zephyr/kernel/libkernel.a(timeout.c.obj)
 .bss.static_regions_num
                0x00000000200003e0        0x1 zephyr/arch/arch/arm/core/aarch32/mpu/libarch__arm__core__aarch32__mpu.a(arm_mpu.c.obj)
 .bss.gpio_initialized.0
                0x00000000200003e1        0x1 zephyr/drivers/gpio/libdrivers__gpio.a(gpio_nrfx.c.obj)
 .bss.z_sys_post_kernel
                0x00000000200003e2        0x1 zephyr/kernel/libkernel.a(init.c.obj)
                0x00000000200003e2                z_sys_post_kernel
 .bss.lock      0x00000000200003e3        0x0 zephyr/kernel/libkernel.a(sem.c.obj)
 .bss.sched_spinlock
                0x00000000200003e3        0x0 zephyr/kernel/libkernel.a(sched.c.obj)
                0x00000000200003e3                sched_spinlock
 *(SORT_BY_ALIGNMENT(COMMON))
 *(SORT_BY_ALIGNMENT(.kernel_bss.*))
                0x00000000200003e4                __bss_end = ALIGN (0x4)

noinit          0x00000000200003e8      0xd40
 *(SORT_BY_ALIGNMENT(.noinit))
 *(SORT_BY_ALIGNMENT(.noinit.*))
 .noinit."WEST_TOPDIR/zephyr/kernel/init.c".2
                0x00000000200003e8      0x400 zephyr/kernel/libkernel.a(init.c.obj)
                0x00000000200003e8                z_main_stack
 .noinit."WEST_TOPDIR/zephyr/kernel/init.c".3
                0x00000000200007e8      0x140 zephyr/kernel/libkernel.a(init.c.obj)
 .noinit."WEST_TOPDIR/zephyr/kernel/init.c".4
                0x0000000020000928      0x800 zephyr/kernel/libkernel.a(init.c.obj)
                0x0000000020000928                z_interrupt_stacks
 *(SORT_BY_ALIGNMENT(.kernel_noinit.*))
                0x0000000020001128                _image_ram_end = .
                0x0000000020001128                _end = .
                0x0000000020040000                __kernel_ram_end = 0x20040000
                0x000000000003fef0                __kernel_ram_size = (__kernel_ram_end - __kernel_ram_start)

.intList        0x0000000020040000       0x58
 *(SORT_BY_ALIGNMENT(.irq_info*))
 .irq_info      0x0000000020040000        0x8 zephyr/arch/common/libisr_tables.a(isr_tables.c.obj)
                0x0000000020040000                _iheader
 *(SORT_BY_ALIGNMENT(.intList*))
 .intList       0x0000000020040008       0x10 zephyr/libzephyr.a(clock_control_nrf.c.obj)
 .intList       0x0000000020040018       0x10 zephyr/libzephyr.a(nrf_rtc_timer.c.obj)
 .intList       0x0000000020040028       0x10 zephyr/drivers/gpio/libdrivers__gpio.a(gpio_nrfx.c.obj)
 .intList       0x0000000020040038       0x10 zephyr/drivers/i2c/libdrivers__i2c.a(i2c_nrfx_twim.c.obj)
 .intList       0x0000000020040048       0x10 zephyr/drivers/serial/libdrivers__serial.a(uart_nrfx_uarte.c.obj)

.stab
 *(SORT_BY_ALIGNMENT(.stab))

.stabstr
 *(SORT_BY_ALIGNMENT(.stabstr))

.stab.excl
 *(SORT_BY_ALIGNMENT(.stab.excl))

.stab.exclstr
 *(SORT_BY_ALIGNMENT(.stab.exclstr))

.stab.index
 *(SORT_BY_ALIGNMENT(.stab.index))

.stab.indexstr
 *(SORT_BY_ALIGNMENT(.stab.indexstr))

.gnu.build.attributes
 *(SORT_BY_ALIGNMENT(.gnu.build.attributes) SORT_BY_ALIGNMENT(.gnu.build.attributes.*))

.comment        0x0000000000000000       0x2e
 *(SORT_BY_ALIGNMENT(.comment))
 .comment       0x0000000000000000       0x2e app/libapp.a(main.c.obj)
                                         0x2f (size before relaxing)
 .comment       0x000000000000002e       0x2f zephyr/libzephyr.a(notify.c.obj)
 .comment       0x000000000000002e       0x2f zephyr/libzephyr.a(printk.c.obj)
 .comment       0x000000000000002e       0x2f zephyr/libzephyr.a(onoff.c.obj)
 .comment       0x000000000000002e       0x2f zephyr/libzephyr.a(thread_entry.c.obj)
 .comment       0x000000000000002e       0x2f zephyr/libzephyr.a(cbprintf_complete.c.obj)
 .comment       0x000000000000002e       0x2f zephyr/libzephyr.a(configs.c.obj)
 .comment       0x000000000000002e       0x2f zephyr/libzephyr.a(power.c.obj)
 .comment       0x000000000000002e       0x2f zephyr/libzephyr.a(policy_residency.c.obj)
 .comment       0x000000000000002e       0x2f zephyr/libzephyr.a(uart_console.c.obj)
 .comment       0x000000000000002e       0x2f zephyr/libzephyr.a(clock_control_nrf.c.obj)
 .comment       0x000000000000002e       0x2f zephyr/libzephyr.a(sys_clock_init.c.obj)
 .comment       0x000000000000002e       0x2f zephyr/libzephyr.a(nrf_rtc_timer.c.obj)
 .comment       0x000000000000002e       0x2f zephyr/arch/arch/arm/core/aarch32/libarch__arm__core__aarch32.a(swap.c.obj)
 .comment       0x000000000000002e       0x2f zephyr/arch/arch/arm/core/aarch32/libarch__arm__core__aarch32.a(irq_manage.c.obj)
 .comment       0x000000000000002e       0x2f zephyr/arch/arch/arm/core/aarch32/libarch__arm__core__aarch32.a(thread.c.obj)
 .comment       0x000000000000002e       0x2f zephyr/arch/arch/arm/core/aarch32/libarch__arm__core__aarch32.a(fatal.c.obj)
 .comment       0x000000000000002e       0x2f zephyr/arch/arch/arm/core/aarch32/libarch__arm__core__aarch32.a(nmi.c.obj)
 .comment       0x000000000000002e       0x2f zephyr/arch/arch/arm/core/aarch32/libarch__arm__core__aarch32.a(prep_c.c.obj)
 .comment       0x000000000000002e       0x2f zephyr/arch/arch/arm/core/aarch32/cortex_m/libarch__arm__core__aarch32__cortex_m.a(fault.c.obj)
 .comment       0x000000000000002e       0x2f zephyr/arch/arch/arm/core/aarch32/cortex_m/libarch__arm__core__aarch32__cortex_m.a(irq_init.c.obj)
 .comment       0x000000000000002e       0x2f zephyr/arch/arch/arm/core/aarch32/cortex_m/libarch__arm__core__aarch32__cortex_m.a(thread_abort.c.obj)
 .comment       0x000000000000002e       0x2f zephyr/arch/arch/arm/core/aarch32/mpu/libarch__arm__core__aarch32__mpu.a(arm_core_mpu.c.obj)
 .comment       0x000000000000002e       0x2f zephyr/arch/arch/arm/core/aarch32/mpu/libarch__arm__core__aarch32__mpu.a(arm_mpu.c.obj)
 .comment       0x000000000000002e       0x2f zephyr/lib/libc/minimal/liblib__libc__minimal.a(string.c.obj)
 .comment       0x000000000000002e       0x2f zephyr/lib/libc/minimal/liblib__libc__minimal.a(stdout_console.c.obj)
 .comment       0x000000000000002e       0x2f zephyr/soc/arm/common/cortex_m/libsoc__arm__common__cortex_m.a(arm_mpu_regions.c.obj)
 .comment       0x000000000000002e       0x2f zephyr/soc/arm/nordic_nrf/nrf52/libsoc__arm__nordic_nrf__nrf52.a(soc.c.obj)
 .comment       0x000000000000002e       0x2f zephyr/soc/arm/nordic_nrf/nrf52/libsoc__arm__nordic_nrf__nrf52.a(power.c.obj)
 .comment       0x000000000000002e       0x2f zephyr/boards/arm/reel_board/libboards__arm__reel_board.a(board.c.obj)
 .comment       0x000000000000002e       0x2f zephyr/drivers/gpio/libdrivers__gpio.a(gpio_nrfx.c.obj)
 .comment       0x000000000000002e       0x2f zephyr/drivers/i2c/libdrivers__i2c.a(i2c_nrfx_twim.c.obj)
 .comment       0x000000000000002e       0x2f zephyr/drivers/serial/libdrivers__serial.a(uart_nrfx_uart.c.obj)
 .comment       0x000000000000002e       0x2f zephyr/drivers/serial/libdrivers__serial.a(uart_nrfx_uarte.c.obj)
 .comment       0x000000000000002e       0x2f modules/hal_nordic/nrfx/libmodules__hal_nordic__nrfx.a(system_nrf52840.c.obj)
 .comment       0x000000000000002e       0x2f modules/hal_nordic/nrfx/libmodules__hal_nordic__nrfx.a(nrfx_glue.c.obj)
 .comment       0x000000000000002e       0x2f modules/hal_nordic/nrfx/libmodules__hal_nordic__nrfx.a(nrfx_clock.c.obj)
 .comment       0x000000000000002e       0x2f modules/hal_nordic/nrfx/libmodules__hal_nordic__nrfx.a(nrfx_gpiote.c.obj)
 .comment       0x000000000000002e       0x2f modules/hal_nordic/nrfx/libmodules__hal_nordic__nrfx.a(nrfx_ppi.c.obj)
 .comment       0x000000000000002e       0x2f modules/hal_nordic/nrfx/libmodules__hal_nordic__nrfx.a(nrfx_twim.c.obj)
 .comment       0x000000000000002e       0x2f modules/hal_nordic/nrfx/libmodules__hal_nordic__nrfx.a(nrfx_twi_twim.c.obj)
 .comment       0x000000000000002e       0x2f zephyr/kernel/libkernel.a(device.c.obj)
 .comment       0x000000000000002e       0x2f zephyr/kernel/libkernel.a(errno.c.obj)
 .comment       0x000000000000002e       0x2f zephyr/kernel/libkernel.a(fatal.c.obj)
 .comment       0x000000000000002e       0x2f zephyr/kernel/libkernel.a(init.c.obj)
 .comment       0x000000000000002e       0x2f zephyr/kernel/libkernel.a(thread.c.obj)
 .comment       0x000000000000002e       0x2f zephyr/kernel/libkernel.a(idle.c.obj)
 .comment       0x000000000000002e       0x2f zephyr/kernel/libkernel.a(sem.c.obj)
 .comment       0x000000000000002e       0x2f zephyr/kernel/libkernel.a(sched.c.obj)
 .comment       0x000000000000002e       0x2f zephyr/kernel/libkernel.a(xip.c.obj)
 .comment       0x000000000000002e       0x2f zephyr/kernel/libkernel.a(timeout.c.obj)
 .comment       0x000000000000002e       0x2f zephyr/kernel/libkernel.a(banner.c.obj)
 .comment       0x000000000000002e       0x2f zephyr/CMakeFiles/offsets.dir/arch/arm/core/offsets/offsets.c.obj
 .comment       0x000000000000002e       0x2f zephyr/arch/common/libisr_tables.a(isr_tables.c.obj)

.debug
 *(SORT_BY_ALIGNMENT(.debug))

.line
 *(SORT_BY_ALIGNMENT(.line))

.debug_srcinfo
 *(SORT_BY_ALIGNMENT(.debug_srcinfo))

.debug_sfnames
 *(SORT_BY_ALIGNMENT(.debug_sfnames))

.debug_aranges  0x0000000000000000     0x1200
 *(SORT_BY_ALIGNMENT(.debug_aranges))
 .debug_aranges
                0x0000000000000000       0x28 zephyr/arch/arch/arm/core/aarch32/libarch__arm__core__aarch32.a(swap_helper.S.obj)
 .debug_aranges
                0x0000000000000028       0x30 zephyr/arch/arch/arm/core/aarch32/libarch__arm__core__aarch32.a(cpu_idle.S.obj)
 .debug_aranges
                0x0000000000000058       0x20 zephyr/arch/arch/arm/core/aarch32/libarch__arm__core__aarch32.a(nmi_on_reset.S.obj)
 .debug_aranges
                0x0000000000000078       0x20 zephyr/arch/arch/arm/core/aarch32/libarch__arm__core__aarch32.a(isr_wrapper.S.obj)
 .debug_aranges
                0x0000000000000098       0x20 zephyr/arch/arch/arm/core/aarch32/cortex_m/libarch__arm__core__aarch32__cortex_m.a(reset.S.obj)
 .debug_aranges
                0x00000000000000b8       0x20 zephyr/arch/arch/arm/core/aarch32/cortex_m/libarch__arm__core__aarch32__cortex_m.a(fault_s.S.obj)
 .debug_aranges
                0x00000000000000d8       0x20 zephyr/arch/arch/arm/core/aarch32/cortex_m/libarch__arm__core__aarch32__cortex_m.a(exc_exit.S.obj)
 .debug_aranges
                0x00000000000000f8       0x20 app/libapp.a(main.c.obj)
 .debug_aranges
                0x0000000000000118       0x28 zephyr/libzephyr.a(notify.c.obj)
 .debug_aranges
                0x0000000000000140       0x68 zephyr/libzephyr.a(printk.c.obj)
 .debug_aranges
                0x00000000000001a8       0x90 zephyr/libzephyr.a(onoff.c.obj)
 .debug_aranges
                0x0000000000000238       0x20 zephyr/libzephyr.a(thread_entry.c.obj)
 .debug_aranges
                0x0000000000000258       0x30 zephyr/libzephyr.a(cbprintf_complete.c.obj)
 .debug_aranges
                0x0000000000000288       0x20 zephyr/libzephyr.a(configs.c.obj)
 .debug_aranges
                0x00000000000002a8       0x60 zephyr/libzephyr.a(power.c.obj)
 .debug_aranges
                0x0000000000000308       0x20 zephyr/libzephyr.a(policy_residency.c.obj)
 .debug_aranges
                0x0000000000000328       0x28 zephyr/libzephyr.a(uart_console.c.obj)
 .debug_aranges
                0x0000000000000350       0xc8 zephyr/libzephyr.a(clock_control_nrf.c.obj)
 .debug_aranges
                0x0000000000000418       0x40 zephyr/libzephyr.a(sys_clock_init.c.obj)
 .debug_aranges
                0x0000000000000458       0x98 zephyr/libzephyr.a(nrf_rtc_timer.c.obj)
 .debug_aranges
                0x00000000000004f0       0x20 zephyr/arch/arch/arm/core/aarch32/libarch__arm__core__aarch32.a(swap.c.obj)
 .debug_aranges
                0x0000000000000510       0x48 zephyr/arch/arch/arm/core/aarch32/libarch__arm__core__aarch32.a(irq_manage.c.obj)
 .debug_aranges
                0x0000000000000558       0x28 zephyr/arch/arch/arm/core/aarch32/libarch__arm__core__aarch32.a(thread.c.obj)
 .debug_aranges
                0x0000000000000580       0x30 zephyr/arch/arch/arm/core/aarch32/libarch__arm__core__aarch32.a(fatal.c.obj)
 .debug_aranges
                0x00000000000005b0       0x20 zephyr/arch/arch/arm/core/aarch32/libarch__arm__core__aarch32.a(nmi.c.obj)
 .debug_aranges
                0x00000000000005d0       0x20 zephyr/arch/arch/arm/core/aarch32/libarch__arm__core__aarch32.a(prep_c.c.obj)
 .debug_aranges
                0x00000000000005f0       0x38 zephyr/arch/arch/arm/core/aarch32/cortex_m/libarch__arm__core__aarch32__cortex_m.a(fault.c.obj)
 .debug_aranges
                0x0000000000000628       0x20 zephyr/arch/arch/arm/core/aarch32/cortex_m/libarch__arm__core__aarch32__cortex_m.a(irq_init.c.obj)
 .debug_aranges
                0x0000000000000648       0x20 zephyr/arch/arch/arm/core/aarch32/cortex_m/libarch__arm__core__aarch32__cortex_m.a(thread_abort.c.obj)
 .debug_aranges
                0x0000000000000668       0x28 zephyr/arch/arch/arm/core/aarch32/mpu/libarch__arm__core__aarch32__mpu.a(arm_core_mpu.c.obj)
 .debug_aranges
                0x0000000000000690       0x48 zephyr/arch/arch/arm/core/aarch32/mpu/libarch__arm__core__aarch32__mpu.a(arm_mpu.c.obj)
 .debug_aranges
                0x00000000000006d8       0x98 zephyr/lib/libc/minimal/liblib__libc__minimal.a(string.c.obj)
 .debug_aranges
                0x0000000000000770       0x58 zephyr/lib/libc/minimal/liblib__libc__minimal.a(stdout_console.c.obj)
 .debug_aranges
                0x00000000000007c8       0x18 zephyr/soc/arm/common/cortex_m/libsoc__arm__common__cortex_m.a(arm_mpu_regions.c.obj)
 .debug_aranges
                0x00000000000007e0       0x38 zephyr/soc/arm/nordic_nrf/nrf52/libsoc__arm__nordic_nrf__nrf52.a(soc.c.obj)
 .debug_aranges
                0x0000000000000818       0x28 zephyr/soc/arm/nordic_nrf/nrf52/libsoc__arm__nordic_nrf__nrf52.a(power.c.obj)
 .debug_aranges
                0x0000000000000840       0x20 zephyr/boards/arm/reel_board/libboards__arm__reel_board.a(board.c.obj)
 .debug_aranges
                0x0000000000000860       0x88 zephyr/drivers/gpio/libdrivers__gpio.a(gpio_nrfx.c.obj)
 .debug_aranges
                0x00000000000008e8       0x38 zephyr/drivers/i2c/libdrivers__i2c.a(i2c_nrfx_twim.c.obj)
 .debug_aranges
                0x0000000000000920       0x48 zephyr/drivers/serial/libdrivers__serial.a(uart_nrfx_uart.c.obj)
 .debug_aranges
                0x0000000000000968       0x60 zephyr/drivers/serial/libdrivers__serial.a(uart_nrfx_uarte.c.obj)
 .debug_aranges
                0x00000000000009c8       0x48 modules/hal_nordic/nrfx/libmodules__hal_nordic__nrfx.a(system_nrf52840.c.obj)
 .debug_aranges
                0x0000000000000a10       0x30 modules/hal_nordic/nrfx/libmodules__hal_nordic__nrfx.a(nrfx_glue.c.obj)
 .debug_aranges
                0x0000000000000a40       0x68 modules/hal_nordic/nrfx/libmodules__hal_nordic__nrfx.a(nrfx_clock.c.obj)
 .debug_aranges
                0x0000000000000aa8      0x148 modules/hal_nordic/nrfx/libmodules__hal_nordic__nrfx.a(nrfx_gpiote.c.obj)
 .debug_aranges
                0x0000000000000bf0       0x80 modules/hal_nordic/nrfx/libmodules__hal_nordic__nrfx.a(nrfx_ppi.c.obj)
 .debug_aranges
                0x0000000000000c70       0x68 modules/hal_nordic/nrfx/libmodules__hal_nordic__nrfx.a(nrfx_twim.c.obj)
 .debug_aranges
                0x0000000000000cd8       0x30 modules/hal_nordic/nrfx/libmodules__hal_nordic__nrfx.a(nrfx_twi_twim.c.obj)
 .debug_aranges
                0x0000000000000d08       0x50 zephyr/kernel/libkernel.a(device.c.obj)
 .debug_aranges
                0x0000000000000d58       0x20 zephyr/kernel/libkernel.a(errno.c.obj)
 .debug_aranges
                0x0000000000000d78       0x58 zephyr/kernel/libkernel.a(fatal.c.obj)
 .debug_aranges
                0x0000000000000dd0       0x38 zephyr/kernel/libkernel.a(init.c.obj)
 .debug_aranges
                0x0000000000000e08       0xa0 zephyr/kernel/libkernel.a(thread.c.obj)
 .debug_aranges
                0x0000000000000ea8       0x28 zephyr/kernel/libkernel.a(idle.c.obj)
 .debug_aranges
                0x0000000000000ed0       0x38 zephyr/kernel/libkernel.a(sem.c.obj)
 .debug_aranges
                0x0000000000000f08      0x1e8 zephyr/kernel/libkernel.a(sched.c.obj)
 .debug_aranges
                0x00000000000010f0       0x20 zephyr/kernel/libkernel.a(xip.c.obj)
 .debug_aranges
                0x0000000000001110       0x98 zephyr/kernel/libkernel.a(timeout.c.obj)
 .debug_aranges
                0x00000000000011a8       0x20 zephyr/kernel/libkernel.a(banner.c.obj)
 .debug_aranges
                0x00000000000011c8       0x20 zephyr/CMakeFiles/offsets.dir/arch/arm/core/offsets/offsets.c.obj
 .debug_aranges
                0x00000000000011e8       0x18 zephyr/arch/common/libisr_tables.a(isr_tables.c.obj)

.debug_pubnames
 *(SORT_BY_ALIGNMENT(.debug_pubnames))

.debug_info     0x0000000000000000    0x551cb
 *(SORT_BY_ALIGNMENT(.debug_info) SORT_BY_ALIGNMENT(.gnu.linkonce.wi.*))
 .debug_info    0x0000000000000000       0xc0 app/libapp.a(main.c.obj)
 .debug_info    0x00000000000000c0      0x311 zephyr/libzephyr.a(notify.c.obj)
 .debug_info    0x00000000000003d1      0x512 zephyr/libzephyr.a(printk.c.obj)
 .debug_info    0x00000000000008e3     0x2282 zephyr/libzephyr.a(onoff.c.obj)
 .debug_info    0x0000000000002b65      0x5f3 zephyr/libzephyr.a(thread_entry.c.obj)
 .debug_info    0x0000000000003158     0x1044 zephyr/libzephyr.a(cbprintf_complete.c.obj)
 .debug_info    0x000000000000419c       0x38 zephyr/libzephyr.a(configs.c.obj)
 .debug_info    0x00000000000041d4     0x1526 zephyr/libzephyr.a(power.c.obj)
 .debug_info    0x00000000000056fa      0xd9d zephyr/libzephyr.a(policy_residency.c.obj)
 .debug_info    0x0000000000006497      0x5fb zephyr/libzephyr.a(uart_console.c.obj)
 .debug_info    0x0000000000006a92     0x49ee zephyr/libzephyr.a(clock_control_nrf.c.obj)
 .debug_info    0x000000000000b480      0x3f4 zephyr/libzephyr.a(sys_clock_init.c.obj)
 .debug_info    0x000000000000b874     0x1e30 zephyr/libzephyr.a(nrf_rtc_timer.c.obj)
 .debug_info    0x000000000000d6a4      0x7ed zephyr/arch/arch/arm/core/aarch32/libarch__arm__core__aarch32.a(swap.c.obj)
 .debug_info    0x000000000000de91       0x22 zephyr/arch/arch/arm/core/aarch32/libarch__arm__core__aarch32.a(swap_helper.S.obj)
 .debug_info    0x000000000000deb3      0xcb1 zephyr/arch/arch/arm/core/aarch32/libarch__arm__core__aarch32.a(irq_manage.c.obj)
 .debug_info    0x000000000000eb64      0x82a zephyr/arch/arch/arm/core/aarch32/libarch__arm__core__aarch32.a(thread.c.obj)
 .debug_info    0x000000000000f38e       0x22 zephyr/arch/arch/arm/core/aarch32/libarch__arm__core__aarch32.a(cpu_idle.S.obj)
 .debug_info    0x000000000000f3b0     0x18ec zephyr/arch/arch/arm/core/aarch32/libarch__arm__core__aarch32.a(fatal.c.obj)
 .debug_info    0x0000000000010c9c       0xc2 zephyr/arch/arch/arm/core/aarch32/libarch__arm__core__aarch32.a(nmi.c.obj)
 .debug_info    0x0000000000010d5e       0x26 zephyr/arch/arch/arm/core/aarch32/libarch__arm__core__aarch32.a(nmi_on_reset.S.obj)
 .debug_info    0x0000000000010d84      0x3e5 zephyr/arch/arch/arm/core/aarch32/libarch__arm__core__aarch32.a(prep_c.c.obj)
 .debug_info    0x0000000000011169       0x26 zephyr/arch/arch/arm/core/aarch32/libarch__arm__core__aarch32.a(isr_wrapper.S.obj)
 .debug_info    0x000000000001118f       0x26 zephyr/arch/arch/arm/core/aarch32/cortex_m/libarch__arm__core__aarch32__cortex_m.a(reset.S.obj)
 .debug_info    0x00000000000111b5       0x26 zephyr/arch/arch/arm/core/aarch32/cortex_m/libarch__arm__core__aarch32__cortex_m.a(fault_s.S.obj)
 .debug_info    0x00000000000111db     0x5dbd zephyr/arch/arch/arm/core/aarch32/cortex_m/libarch__arm__core__aarch32__cortex_m.a(fault.c.obj)
 .debug_info    0x0000000000016f98       0x26 zephyr/arch/arch/arm/core/aarch32/cortex_m/libarch__arm__core__aarch32__cortex_m.a(exc_exit.S.obj)
 .debug_info    0x0000000000016fbe      0x565 zephyr/arch/arch/arm/core/aarch32/cortex_m/libarch__arm__core__aarch32__cortex_m.a(irq_init.c.obj)
 .debug_info    0x0000000000017523      0x827 zephyr/arch/arch/arm/core/aarch32/cortex_m/libarch__arm__core__aarch32__cortex_m.a(thread_abort.c.obj)
 .debug_info    0x0000000000017d4a      0x6b0 zephyr/arch/arch/arm/core/aarch32/mpu/libarch__arm__core__aarch32__mpu.a(arm_core_mpu.c.obj)
 .debug_info    0x00000000000183fa     0x2317 zephyr/arch/arch/arm/core/aarch32/mpu/libarch__arm__core__aarch32__mpu.a(arm_mpu.c.obj)
 .debug_info    0x000000000001a711      0x7c2 zephyr/lib/libc/minimal/liblib__libc__minimal.a(string.c.obj)
 .debug_info    0x000000000001aed3      0x694 zephyr/lib/libc/minimal/liblib__libc__minimal.a(stdout_console.c.obj)
 .debug_info    0x000000000001b567      0x16a zephyr/soc/arm/common/cortex_m/libsoc__arm__common__cortex_m.a(arm_mpu_regions.c.obj)
 .debug_info    0x000000000001b6d1      0xbd5 zephyr/soc/arm/nordic_nrf/nrf52/libsoc__arm__nordic_nrf__nrf52.a(soc.c.obj)
 .debug_info    0x000000000001c2a6      0xffa zephyr/soc/arm/nordic_nrf/nrf52/libsoc__arm__nordic_nrf__nrf52.a(power.c.obj)
 .debug_info    0x000000000001d2a0      0x2d5 zephyr/boards/arm/reel_board/libboards__arm__reel_board.a(board.c.obj)
 .debug_info    0x000000000001d575     0x2ea6 zephyr/drivers/gpio/libdrivers__gpio.a(gpio_nrfx.c.obj)
 .debug_info    0x000000000002041b     0x2d8f zephyr/drivers/i2c/libdrivers__i2c.a(i2c_nrfx_twim.c.obj)
 .debug_info    0x00000000000231aa     0x1b3a zephyr/drivers/serial/libdrivers__serial.a(uart_nrfx_uart.c.obj)
 .debug_info    0x0000000000024ce4     0x37f2 zephyr/drivers/serial/libdrivers__serial.a(uart_nrfx_uarte.c.obj)
 .debug_info    0x00000000000284d6     0x1635 modules/hal_nordic/nrfx/libmodules__hal_nordic__nrfx.a(system_nrf52840.c.obj)
 .debug_info    0x0000000000029b0b      0x245 modules/hal_nordic/nrfx/libmodules__hal_nordic__nrfx.a(nrfx_glue.c.obj)
 .debug_info    0x0000000000029d50     0x31ce modules/hal_nordic/nrfx/libmodules__hal_nordic__nrfx.a(nrfx_clock.c.obj)
 .debug_info    0x000000000002cf1e     0x7f5c modules/hal_nordic/nrfx/libmodules__hal_nordic__nrfx.a(nrfx_gpiote.c.obj)
 .debug_info    0x0000000000034e7a     0x6610 modules/hal_nordic/nrfx/libmodules__hal_nordic__nrfx.a(nrfx_ppi.c.obj)
 .debug_info    0x000000000003b48a     0xa500 modules/hal_nordic/nrfx/libmodules__hal_nordic__nrfx.a(nrfx_twim.c.obj)
 .debug_info    0x000000000004598a      0x9a6 modules/hal_nordic/nrfx/libmodules__hal_nordic__nrfx.a(nrfx_twi_twim.c.obj)
 .debug_info    0x0000000000046330      0x6a6 zephyr/kernel/libkernel.a(device.c.obj)
 .debug_info    0x00000000000469d6      0x65d zephyr/kernel/libkernel.a(errno.c.obj)
 .debug_info    0x0000000000047033     0x1c76 zephyr/kernel/libkernel.a(fatal.c.obj)
 .debug_info    0x0000000000048ca9     0x12e6 zephyr/kernel/libkernel.a(init.c.obj)
 .debug_info    0x0000000000049f8f     0x20c1 zephyr/kernel/libkernel.a(thread.c.obj)
 .debug_info    0x000000000004c050      0x815 zephyr/kernel/libkernel.a(idle.c.obj)
 .debug_info    0x000000000004c865      0xb76 zephyr/kernel/libkernel.a(sem.c.obj)
 .debug_info    0x000000000004d3db     0x5f4c zephyr/kernel/libkernel.a(sched.c.obj)
 .debug_info    0x0000000000053327      0x118 zephyr/kernel/libkernel.a(xip.c.obj)
 .debug_info    0x000000000005343f     0x1a9b zephyr/kernel/libkernel.a(timeout.c.obj)
 .debug_info    0x0000000000054eda       0xff zephyr/kernel/libkernel.a(banner.c.obj)
 .debug_info    0x0000000000054fd9       0x93 zephyr/CMakeFiles/offsets.dir/arch/arm/core/offsets/offsets.c.obj
 .debug_info    0x000000000005506c      0x15f zephyr/arch/common/libisr_tables.a(isr_tables.c.obj)

.debug_abbrev   0x0000000000000000     0xa6db
 *(SORT_BY_ALIGNMENT(.debug_abbrev))
 .debug_abbrev  0x0000000000000000       0x73 app/libapp.a(main.c.obj)
 .debug_abbrev  0x0000000000000073      0x1bf zephyr/libzephyr.a(notify.c.obj)
 .debug_abbrev  0x0000000000000232      0x260 zephyr/libzephyr.a(printk.c.obj)
 .debug_abbrev  0x0000000000000492      0x522 zephyr/libzephyr.a(onoff.c.obj)
 .debug_abbrev  0x00000000000009b4      0x1fa zephyr/libzephyr.a(thread_entry.c.obj)
 .debug_abbrev  0x0000000000000bae      0x40a zephyr/libzephyr.a(cbprintf_complete.c.obj)
 .debug_abbrev  0x0000000000000fb8       0x2e zephyr/libzephyr.a(configs.c.obj)
 .debug_abbrev  0x0000000000000fe6      0x500 zephyr/libzephyr.a(power.c.obj)
 .debug_abbrev  0x00000000000014e6      0x211 zephyr/libzephyr.a(policy_residency.c.obj)
 .debug_abbrev  0x00000000000016f7      0x2d7 zephyr/libzephyr.a(uart_console.c.obj)
 .debug_abbrev  0x00000000000019ce      0x7dd zephyr/libzephyr.a(clock_control_nrf.c.obj)
 .debug_abbrev  0x00000000000021ab      0x209 zephyr/libzephyr.a(sys_clock_init.c.obj)
 .debug_abbrev  0x00000000000023b4      0x566 zephyr/libzephyr.a(nrf_rtc_timer.c.obj)
 .debug_abbrev  0x000000000000291a      0x1d9 zephyr/arch/arch/arm/core/aarch32/libarch__arm__core__aarch32.a(swap.c.obj)
 .debug_abbrev  0x0000000000002af3       0x12 zephyr/arch/arch/arm/core/aarch32/libarch__arm__core__aarch32.a(swap_helper.S.obj)
 .debug_abbrev  0x0000000000002b05      0x325 zephyr/arch/arch/arm/core/aarch32/libarch__arm__core__aarch32.a(irq_manage.c.obj)
 .debug_abbrev  0x0000000000002e2a      0x1ef zephyr/arch/arch/arm/core/aarch32/libarch__arm__core__aarch32.a(thread.c.obj)
 .debug_abbrev  0x0000000000003019       0x12 zephyr/arch/arch/arm/core/aarch32/libarch__arm__core__aarch32.a(cpu_idle.S.obj)
 .debug_abbrev  0x000000000000302b      0x304 zephyr/arch/arch/arm/core/aarch32/libarch__arm__core__aarch32.a(fatal.c.obj)
 .debug_abbrev  0x000000000000332f       0x72 zephyr/arch/arch/arm/core/aarch32/libarch__arm__core__aarch32.a(nmi.c.obj)
 .debug_abbrev  0x00000000000033a1       0x14 zephyr/arch/arch/arm/core/aarch32/libarch__arm__core__aarch32.a(nmi_on_reset.S.obj)
 .debug_abbrev  0x00000000000033b5      0x1c3 zephyr/arch/arch/arm/core/aarch32/libarch__arm__core__aarch32.a(prep_c.c.obj)
 .debug_abbrev  0x0000000000003578       0x14 zephyr/arch/arch/arm/core/aarch32/libarch__arm__core__aarch32.a(isr_wrapper.S.obj)
 .debug_abbrev  0x000000000000358c       0x14 zephyr/arch/arch/arm/core/aarch32/cortex_m/libarch__arm__core__aarch32__cortex_m.a(reset.S.obj)
 .debug_abbrev  0x00000000000035a0       0x14 zephyr/arch/arch/arm/core/aarch32/cortex_m/libarch__arm__core__aarch32__cortex_m.a(fault_s.S.obj)
 .debug_abbrev  0x00000000000035b4      0x3e0 zephyr/arch/arch/arm/core/aarch32/cortex_m/libarch__arm__core__aarch32__cortex_m.a(fault.c.obj)
 .debug_abbrev  0x0000000000003994       0x14 zephyr/arch/arch/arm/core/aarch32/cortex_m/libarch__arm__core__aarch32__cortex_m.a(exc_exit.S.obj)
 .debug_abbrev  0x00000000000039a8      0x168 zephyr/arch/arch/arm/core/aarch32/cortex_m/libarch__arm__core__aarch32__cortex_m.a(irq_init.c.obj)
 .debug_abbrev  0x0000000000003b10      0x225 zephyr/arch/arch/arm/core/aarch32/cortex_m/libarch__arm__core__aarch32__cortex_m.a(thread_abort.c.obj)
 .debug_abbrev  0x0000000000003d35      0x1cf zephyr/arch/arch/arm/core/aarch32/mpu/libarch__arm__core__aarch32__mpu.a(arm_core_mpu.c.obj)
 .debug_abbrev  0x0000000000003f04      0x453 zephyr/arch/arch/arm/core/aarch32/mpu/libarch__arm__core__aarch32__mpu.a(arm_mpu.c.obj)
 .debug_abbrev  0x0000000000004357      0x191 zephyr/lib/libc/minimal/liblib__libc__minimal.a(string.c.obj)
 .debug_abbrev  0x00000000000044e8      0x25a zephyr/lib/libc/minimal/liblib__libc__minimal.a(stdout_console.c.obj)
 .debug_abbrev  0x0000000000004742       0xac zephyr/soc/arm/common/cortex_m/libsoc__arm__common__cortex_m.a(arm_mpu_regions.c.obj)
 .debug_abbrev  0x00000000000047ee      0x35b zephyr/soc/arm/nordic_nrf/nrf52/libsoc__arm__nordic_nrf__nrf52.a(soc.c.obj)
 .debug_abbrev  0x0000000000004b49      0x295 zephyr/soc/arm/nordic_nrf/nrf52/libsoc__arm__nordic_nrf__nrf52.a(power.c.obj)
 .debug_abbrev  0x0000000000004dde      0x180 zephyr/boards/arm/reel_board/libboards__arm__reel_board.a(board.c.obj)
 .debug_abbrev  0x0000000000004f5e      0x58e zephyr/drivers/gpio/libdrivers__gpio.a(gpio_nrfx.c.obj)
 .debug_abbrev  0x00000000000054ec      0x50e zephyr/drivers/i2c/libdrivers__i2c.a(i2c_nrfx_twim.c.obj)
 .debug_abbrev  0x00000000000059fa      0x51b zephyr/drivers/serial/libdrivers__serial.a(uart_nrfx_uart.c.obj)
 .debug_abbrev  0x0000000000005f15      0x5da zephyr/drivers/serial/libdrivers__serial.a(uart_nrfx_uarte.c.obj)
 .debug_abbrev  0x00000000000064ef      0x2c5 modules/hal_nordic/nrfx/libmodules__hal_nordic__nrfx.a(system_nrf52840.c.obj)